test_01_whitespace_sentinels_prevent_client_and_intents (__main__.D9Corrections.test_01_whitespace_sentinels_prevent_client_and_intents) ... /opt/anaconda3/lib/python3.13/json/decoder.py:361: ResourceWarning: unclosed database in <sqlite3.Connection object at 0x1057f14e0>
  obj, end = self.scan_once(s, idx)
ResourceWarning: Enable tracemalloc to get the object allocation traceback

  test_01_whitespace_sentinels_prevent_client_and_intents (__main__.D9Corrections.test_01_whitespace_sentinels_prevent_client_and_intents) (role='122B', value=' PENDING ') ... FAIL
  test_01_whitespace_sentinels_prevent_client_and_intents (__main__.D9Corrections.test_01_whitespace_sentinels_prevent_client_and_intents) (role='122B', value='\tunknown\n') ... FAIL
  test_01_whitespace_sentinels_prevent_client_and_intents (__main__.D9Corrections.test_01_whitespace_sentinels_prevent_client_and_intents) (role='122B', value='\xa0UnDeCiDeD\xa0') ... FAIL
  test_01_whitespace_sentinels_prevent_client_and_intents (__main__.D9Corrections.test_01_whitespace_sentinels_prevent_client_and_intents) (role='27B', value=' PENDING ') ... FAIL
  test_01_whitespace_sentinels_prevent_client_and_intents (__main__.D9Corrections.test_01_whitespace_sentinels_prevent_client_and_intents) (role='27B', value='\tunknown\n') ... FAIL
  test_01_whitespace_sentinels_prevent_client_and_intents (__main__.D9Corrections.test_01_whitespace_sentinels_prevent_client_and_intents) (role='27B', value='\xa0UnDeCiDeD\xa0') ... FAIL
test_02_valid_metadata_and_resume_preserve_outputs (__main__.D9Corrections.test_02_valid_metadata_and_resume_preserve_outputs) ... /opt/anaconda3/lib/python3.13/json/decoder.py:361: ResourceWarning: unclosed database in <sqlite3.Connection object at 0x1075bc8b0>
  obj, end = self.scan_once(s, idx)
ResourceWarning: Enable tracemalloc to get the object allocation traceback
/opt/anaconda3/lib/python3.13/json/decoder.py:361: ResourceWarning: unclosed database in <sqlite3.Connection object at 0x1075bcd60>
  obj, end = self.scan_once(s, idx)
ResourceWarning: Enable tracemalloc to get the object allocation traceback
/opt/anaconda3/lib/python3.13/json/decoder.py:361: ResourceWarning: unclosed database in <sqlite3.Connection object at 0x1075bd120>
  obj, end = self.scan_once(s, idx)
ResourceWarning: Enable tracemalloc to get the object allocation traceback
/opt/anaconda3/lib/python3.13/json/decoder.py:361: ResourceWarning: unclosed database in <sqlite3.Connection object at 0x1075bd4e0>
  obj, end = self.scan_once(s, idx)
ResourceWarning: Enable tracemalloc to get the object allocation traceback
/opt/anaconda3/lib/python3.13/json/decoder.py:361: ResourceWarning: unclosed database in <sqlite3.Connection object at 0x1075bd8a0>
  obj, end = self.scan_once(s, idx)
ResourceWarning: Enable tracemalloc to get the object allocation traceback
/opt/anaconda3/lib/python3.13/json/decoder.py:361: ResourceWarning: unclosed database in <sqlite3.Connection object at 0x1075be020>
  obj, end = self.scan_once(s, idx)
ResourceWarning: Enable tracemalloc to get the object allocation traceback
ok
test_03_distinct_snapshots_positive_direct_reserve (__main__.D9Corrections.test_03_distinct_snapshots_positive_direct_reserve) ... /opt/anaconda3/lib/python3.13/json/decoder.py:361: ResourceWarning: unclosed database in <sqlite3.Connection object at 0x1070e4e50>
  obj, end = self.scan_once(s, idx)
ResourceWarning: Enable tracemalloc to get the object allocation traceback
ok
test_04_missing_or_changed_files_direct_and_restart (__main__.D9Corrections.test_04_missing_or_changed_files_direct_and_restart) ... 
  test_04_missing_or_changed_files_direct_and_restart (__main__.D9Corrections.test_04_missing_or_changed_files_direct_and_restart) (snapshot='tmpj7xhh7cl', file='tokenizer.json', mutation='missing', restart=False) ... FAIL
  test_04_missing_or_changed_files_direct_and_restart (__main__.D9Corrections.test_04_missing_or_changed_files_direct_and_restart) (snapshot='tmpj7xhh7cl', file='tokenizer.json', mutation='missing', restart=True) ... FAIL
  test_04_missing_or_changed_files_direct_and_restart (__main__.D9Corrections.test_04_missing_or_changed_files_direct_and_restart) (snapshot='tmpj7xhh7cl', file='tokenizer.json', mutation='changed', restart=False) ... FAIL
  test_04_missing_or_changed_files_direct_and_restart (__main__.D9Corrections.test_04_missing_or_changed_files_direct_and_restart) (snapshot='tmpj7xhh7cl', file='tokenizer.json', mutation='changed', restart=True) ... FAIL
  test_04_missing_or_changed_files_direct_and_restart (__main__.D9Corrections.test_04_missing_or_changed_files_direct_and_restart) (snapshot='tmpj7xhh7cl', file='tokenizer_config.json', mutation='missing', restart=False) ... FAIL
  test_04_missing_or_changed_files_direct_and_restart (__main__.D9Corrections.test_04_missing_or_changed_files_direct_and_restart) (snapshot='tmpj7xhh7cl', file='tokenizer_config.json', mutation='missing', restart=True) ... FAIL
  test_04_missing_or_changed_files_direct_and_restart (__main__.D9Corrections.test_04_missing_or_changed_files_direct_and_restart) (snapshot='tmpj7xhh7cl', file='tokenizer_config.json', mutation='changed', restart=False) ... FAIL
  test_04_missing_or_changed_files_direct_and_restart (__main__.D9Corrections.test_04_missing_or_changed_files_direct_and_restart) (snapshot='tmpj7xhh7cl', file='tokenizer_config.json', mutation='changed', restart=True) ... FAIL
  test_04_missing_or_changed_files_direct_and_restart (__main__.D9Corrections.test_04_missing_or_changed_files_direct_and_restart) (snapshot='tmpj7xhh7cl', file='chat_template.jinja', mutation='changed', restart=False) ... FAIL
  test_04_missing_or_changed_files_direct_and_restart (__main__.D9Corrections.test_04_missing_or_changed_files_direct_and_restart) (snapshot='tmpj7xhh7cl', file='chat_template.jinja', mutation='changed', restart=True) ... FAIL
  test_04_missing_or_changed_files_direct_and_restart (__main__.D9Corrections.test_04_missing_or_changed_files_direct_and_restart) (snapshot='service-tokenizer', file='tokenizer.json', mutation='missing', restart=False) ... FAIL
  test_04_missing_or_changed_files_direct_and_restart (__main__.D9Corrections.test_04_missing_or_changed_files_direct_and_restart) (snapshot='service-tokenizer', file='tokenizer.json', mutation='missing', restart=True) ... FAIL
  test_04_missing_or_changed_files_direct_and_restart (__main__.D9Corrections.test_04_missing_or_changed_files_direct_and_restart) (snapshot='service-tokenizer', file='tokenizer.json', mutation='changed', restart=False) ... FAIL
  test_04_missing_or_changed_files_direct_and_restart (__main__.D9Corrections.test_04_missing_or_changed_files_direct_and_restart) (snapshot='service-tokenizer', file='tokenizer.json', mutation='changed', restart=True) ... FAIL
  test_04_missing_or_changed_files_direct_and_restart (__main__.D9Corrections.test_04_missing_or_changed_files_direct_and_restart) (snapshot='service-tokenizer', file='tokenizer_config.json', mutation='missing', restart=False) ... FAIL
  test_04_missing_or_changed_files_direct_and_restart (__main__.D9Corrections.test_04_missing_or_changed_files_direct_and_restart) (snapshot='service-tokenizer', file='tokenizer_config.json', mutation='missing', restart=True) ... FAIL
  test_04_missing_or_changed_files_direct_and_restart (__main__.D9Corrections.test_04_missing_or_changed_files_direct_and_restart) (snapshot='service-tokenizer', file='tokenizer_config.json', mutation='changed', restart=False) ... FAIL
  test_04_missing_or_changed_files_direct_and_restart (__main__.D9Corrections.test_04_missing_or_changed_files_direct_and_restart) (snapshot='service-tokenizer', file='tokenizer_config.json', mutation='changed', restart=True) ... FAIL
  test_04_missing_or_changed_files_direct_and_restart (__main__.D9Corrections.test_04_missing_or_changed_files_direct_and_restart) (snapshot='service-tokenizer', file='chat_template.jinja', mutation='changed', restart=False) ... FAIL
  test_04_missing_or_changed_files_direct_and_restart (__main__.D9Corrections.test_04_missing_or_changed_files_direct_and_restart) (snapshot='service-tokenizer', file='chat_template.jinja', mutation='changed', restart=True) ... FAIL
test_05_success_then_new_fault_same_instance (__main__.D9Corrections.test_05_success_then_new_fault_same_instance) ... /opt/anaconda3/lib/python3.13/unittest/mock.py:494: ResourceWarning: unclosed database in <sqlite3.Connection object at 0x1075bfa60>
  __dict__['_mock_mock_calls'] = _CallList()
ResourceWarning: Enable tracemalloc to get the object allocation traceback
/opt/anaconda3/lib/python3.13/unittest/mock.py:494: ResourceWarning: unclosed database in <sqlite3.Connection object at 0x1057f2b60>
  __dict__['_mock_mock_calls'] = _CallList()
ResourceWarning: Enable tracemalloc to get the object allocation traceback
/opt/anaconda3/lib/python3.13/unittest/mock.py:494: ResourceWarning: unclosed database in <sqlite3.Connection object at 0x1057f26b0>
  __dict__['_mock_mock_calls'] = _CallList()
ResourceWarning: Enable tracemalloc to get the object allocation traceback
/opt/anaconda3/lib/python3.13/unittest/mock.py:494: ResourceWarning: unclosed database in <sqlite3.Connection object at 0x1057f1f30>
  __dict__['_mock_mock_calls'] = _CallList()
ResourceWarning: Enable tracemalloc to get the object allocation traceback
/opt/anaconda3/lib/python3.13/unittest/mock.py:494: ResourceWarning: unclosed database in <sqlite3.Connection object at 0x1057f1990>
  __dict__['_mock_mock_calls'] = _CallList()
ResourceWarning: Enable tracemalloc to get the object allocation traceback
/opt/anaconda3/lib/python3.13/unittest/mock.py:494: ResourceWarning: unclosed database in <sqlite3.Connection object at 0x1057f1a80>
  __dict__['_mock_mock_calls'] = _CallList()
ResourceWarning: Enable tracemalloc to get the object allocation traceback
/opt/anaconda3/lib/python3.13/unittest/mock.py:494: ResourceWarning: unclosed database in <sqlite3.Connection object at 0x1057f1b70>
  __dict__['_mock_mock_calls'] = _CallList()
ResourceWarning: Enable tracemalloc to get the object allocation traceback
/opt/anaconda3/lib/python3.13/unittest/mock.py:494: ResourceWarning: unclosed database in <sqlite3.Connection object at 0x1057f17b0>
  __dict__['_mock_mock_calls'] = _CallList()
ResourceWarning: Enable tracemalloc to get the object allocation traceback
/opt/anaconda3/lib/python3.13/unittest/mock.py:494: ResourceWarning: unclosed database in <sqlite3.Connection object at 0x1065ddb70>
  __dict__['_mock_mock_calls'] = _CallList()
ResourceWarning: Enable tracemalloc to get the object allocation traceback
/opt/anaconda3/lib/python3.13/unittest/mock.py:494: ResourceWarning: unclosed database in <sqlite3.Connection object at 0x1065dd4e0>
  __dict__['_mock_mock_calls'] = _CallList()
ResourceWarning: Enable tracemalloc to get the object allocation traceback
/opt/anaconda3/lib/python3.13/unittest/mock.py:494: ResourceWarning: unclosed database in <sqlite3.Connection object at 0x1065dd030>
  __dict__['_mock_mock_calls'] = _CallList()
ResourceWarning: Enable tracemalloc to get the object allocation traceback
/opt/anaconda3/lib/python3.13/unittest/mock.py:494: ResourceWarning: unclosed database in <sqlite3.Connection object at 0x1065de6b0>
  __dict__['_mock_mock_calls'] = _CallList()
ResourceWarning: Enable tracemalloc to get the object allocation traceback
/opt/anaconda3/lib/python3.13/unittest/mock.py:494: ResourceWarning: unclosed database in <sqlite3.Connection object at 0x1065de890>
  __dict__['_mock_mock_calls'] = _CallList()
ResourceWarning: Enable tracemalloc to get the object allocation traceback
/opt/anaconda3/lib/python3.13/unittest/mock.py:494: ResourceWarning: unclosed database in <sqlite3.Connection object at 0x107418d60>
  __dict__['_mock_mock_calls'] = _CallList()
ResourceWarning: Enable tracemalloc to get the object allocation traceback
/opt/anaconda3/lib/python3.13/unittest/mock.py:494: ResourceWarning: unclosed database in <sqlite3.Connection object at 0x10741bc40>
  __dict__['_mock_mock_calls'] = _CallList()
ResourceWarning: Enable tracemalloc to get the object allocation traceback
/opt/anaconda3/lib/python3.13/unittest/mock.py:494: ResourceWarning: unclosed database in <sqlite3.Connection object at 0x107419b70>
  __dict__['_mock_mock_calls'] = _CallList()
ResourceWarning: Enable tracemalloc to get the object allocation traceback
/opt/anaconda3/lib/python3.13/unittest/mock.py:494: ResourceWarning: unclosed database in <sqlite3.Connection object at 0x107418a90>
  __dict__['_mock_mock_calls'] = _CallList()
ResourceWarning: Enable tracemalloc to get the object allocation traceback
/opt/anaconda3/lib/python3.13/unittest/mock.py:494: ResourceWarning: unclosed database in <sqlite3.Connection object at 0x107e226b0>
  __dict__['_mock_mock_calls'] = _CallList()
ResourceWarning: Enable tracemalloc to get the object allocation traceback
/opt/anaconda3/lib/python3.13/unittest/mock.py:494: ResourceWarning: unclosed database in <sqlite3.Connection object at 0x107e22a70>
  __dict__['_mock_mock_calls'] = _CallList()
ResourceWarning: Enable tracemalloc to get the object allocation traceback
/opt/anaconda3/lib/python3.13/unittest/mock.py:494: ResourceWarning: unclosed database in <sqlite3.Connection object at 0x107e22110>
  __dict__['_mock_mock_calls'] = _CallList()
ResourceWarning: Enable tracemalloc to get the object allocation traceback
FAIL
test_06_rebind_and_binding_reuse_require_current_files (__main__.D9Corrections.test_06_rebind_and_binding_reuse_require_current_files) ... /opt/anaconda3/lib/python3.13/json/decoder.py:361: ResourceWarning: unclosed database in <sqlite3.Connection object at 0x1057f33d0>
  obj, end = self.scan_once(s, idx)
ResourceWarning: Enable tracemalloc to get the object allocation traceback
FAIL
test_07_execute_request_no_transport_or_journal_after_loss (__main__.D9Corrections.test_07_execute_request_no_transport_or_journal_after_loss) ... /opt/anaconda3/lib/python3.13/json/decoder.py:361: ResourceWarning: unclosed database in <sqlite3.Connection object at 0x1070c4130>
  obj, end = self.scan_once(s, idx)
ResourceWarning: Enable tracemalloc to get the object allocation traceback
FAIL
test_08_closed_producer_reuse_requires_recoverable_tokenizer (__main__.D9Corrections.test_08_closed_producer_reuse_requires_recoverable_tokenizer) ... /opt/anaconda3/lib/python3.13/json/decoder.py:361: ResourceWarning: unclosed database in <sqlite3.Connection object at 0x1084c1210>
  obj, end = self.scan_once(s, idx)
ResourceWarning: Enable tracemalloc to get the object allocation traceback
FAIL
test_09_missing_service_snapshot_binding_fails_closed (__main__.D9Corrections.test_09_missing_service_snapshot_binding_fails_closed) ... /opt/anaconda3/lib/python3.13/json/decoder.py:361: ResourceWarning: unclosed database in <sqlite3.Connection object at 0x107e23a60>
  obj, end = self.scan_once(s, idx)
ResourceWarning: Enable tracemalloc to get the object allocation traceback
FAIL
test_10_alternate_producer_reuse_checks_its_chat_snapshot (__main__.D9Corrections.test_10_alternate_producer_reuse_checks_its_chat_snapshot) ... /opt/anaconda3/lib/python3.13/json/decoder.py:361: ResourceWarning: unclosed database in <sqlite3.Connection object at 0x10741bf10>
  obj, end = self.scan_once(s, idx)
ResourceWarning: Enable tracemalloc to get the object allocation traceback
FAIL
test_11_missing_template_file_keeps_valid_inline_fallback (__main__.D9Corrections.test_11_missing_template_file_keeps_valid_inline_fallback) ... /opt/anaconda3/lib/python3.13/json/decoder.py:361: ResourceWarning: unclosed database in <sqlite3.Connection object at 0x105f8bb50>
  obj, end = self.scan_once(s, idx)
ResourceWarning: Enable tracemalloc to get the object allocation traceback
ok

======================================================================
FAIL: test_01_whitespace_sentinels_prevent_client_and_intents (__main__.D9Corrections.test_01_whitespace_sentinels_prevent_client_and_intents) (role='122B', value=' PENDING ')
----------------------------------------------------------------------
Traceback (most recent call last):
  File "/Users/luker/fot-tep-harness-d9-correzioni/studio2/fase03/harness/test_d9_corrections.py", line 50, in test_01_whitespace_sentinels_prevent_client_and_intents
    self.no_effect(self.t.producer, 'missing service metadata: weights_revision')
    ~~~~~~~~~~~~~~^^^^^^^^^^^^^^^^^^^^^^^^^^^^^^^^^^^^^^^^^^^^^^^^^^^^^^^^^^^^^^^
  File "/Users/luker/fot-tep-harness-d9-correzioni/studio2/fase03/harness/test_d9_corrections.py", line 36, in no_effect
    with self.assertRaisesRegex(HarnessError, pattern):
         ~~~~~~~~~~~~~~~~~~~~~~^^^^^^^^^^^^^^^^^^^^^^^
AssertionError: HarnessError not raised

======================================================================
FAIL: test_01_whitespace_sentinels_prevent_client_and_intents (__main__.D9Corrections.test_01_whitespace_sentinels_prevent_client_and_intents) (role='122B', value='\tunknown\n')
----------------------------------------------------------------------
studio2.fase03.harness.common.HarnessError: D9: 122B documentation bytes changed

During handling of the above exception, another exception occurred:

Traceback (most recent call last):
  File "/Users/luker/fot-tep-harness-d9-correzioni/studio2/fase03/harness/test_d9_corrections.py", line 50, in test_01_whitespace_sentinels_prevent_client_and_intents
    self.no_effect(self.t.producer, 'missing service metadata: weights_revision')
    ~~~~~~~~~~~~~~^^^^^^^^^^^^^^^^^^^^^^^^^^^^^^^^^^^^^^^^^^^^^^^^^^^^^^^^^^^^^^^
  File "/Users/luker/fot-tep-harness-d9-correzioni/studio2/fase03/harness/test_d9_corrections.py", line 36, in no_effect
    with self.assertRaisesRegex(HarnessError, pattern):
         ~~~~~~~~~~~~~~~~~~~~~~^^^^^^^^^^^^^^^^^^^^^^^
AssertionError: "missing service metadata: weights_revision" does not match "D9: 122B documentation bytes changed"

======================================================================
FAIL: test_01_whitespace_sentinels_prevent_client_and_intents (__main__.D9Corrections.test_01_whitespace_sentinels_prevent_client_and_intents) (role='122B', value='\xa0UnDeCiDeD\xa0')
----------------------------------------------------------------------
studio2.fase03.harness.common.HarnessError: D9: 122B documentation bytes changed

During handling of the above exception, another exception occurred:

Traceback (most recent call last):
  File "/Users/luker/fot-tep-harness-d9-correzioni/studio2/fase03/harness/test_d9_corrections.py", line 50, in test_01_whitespace_sentinels_prevent_client_and_intents
    self.no_effect(self.t.producer, 'missing service metadata: weights_revision')
    ~~~~~~~~~~~~~~^^^^^^^^^^^^^^^^^^^^^^^^^^^^^^^^^^^^^^^^^^^^^^^^^^^^^^^^^^^^^^^
  File "/Users/luker/fot-tep-harness-d9-correzioni/studio2/fase03/harness/test_d9_corrections.py", line 36, in no_effect
    with self.assertRaisesRegex(HarnessError, pattern):
         ~~~~~~~~~~~~~~~~~~~~~~^^^^^^^^^^^^^^^^^^^^^^^
AssertionError: "missing service metadata: weights_revision" does not match "D9: 122B documentation bytes changed"

======================================================================
FAIL: test_01_whitespace_sentinels_prevent_client_and_intents (__main__.D9Corrections.test_01_whitespace_sentinels_prevent_client_and_intents) (role='27B', value=' PENDING ')
----------------------------------------------------------------------
studio2.fase03.harness.common.HarnessError: D9: 122B documentation bytes changed

During handling of the above exception, another exception occurred:

Traceback (most recent call last):
  File "/Users/luker/fot-tep-harness-d9-correzioni/studio2/fase03/harness/test_d9_corrections.py", line 50, in test_01_whitespace_sentinels_prevent_client_and_intents
    self.no_effect(self.t.producer, 'missing service metadata: weights_revision')
    ~~~~~~~~~~~~~~^^^^^^^^^^^^^^^^^^^^^^^^^^^^^^^^^^^^^^^^^^^^^^^^^^^^^^^^^^^^^^^
  File "/Users/luker/fot-tep-harness-d9-correzioni/studio2/fase03/harness/test_d9_corrections.py", line 36, in no_effect
    with self.assertRaisesRegex(HarnessError, pattern):
         ~~~~~~~~~~~~~~~~~~~~~~^^^^^^^^^^^^^^^^^^^^^^^
AssertionError: "missing service metadata: weights_revision" does not match "D9: 122B documentation bytes changed"

======================================================================
FAIL: test_01_whitespace_sentinels_prevent_client_and_intents (__main__.D9Corrections.test_01_whitespace_sentinels_prevent_client_and_intents) (role='27B', value='\tunknown\n')
----------------------------------------------------------------------
studio2.fase03.harness.common.HarnessError: D9: 122B documentation bytes changed

During handling of the above exception, another exception occurred:

Traceback (most recent call last):
  File "/Users/luker/fot-tep-harness-d9-correzioni/studio2/fase03/harness/test_d9_corrections.py", line 50, in test_01_whitespace_sentinels_prevent_client_and_intents
    self.no_effect(self.t.producer, 'missing service metadata: weights_revision')
    ~~~~~~~~~~~~~~^^^^^^^^^^^^^^^^^^^^^^^^^^^^^^^^^^^^^^^^^^^^^^^^^^^^^^^^^^^^^^^
  File "/Users/luker/fot-tep-harness-d9-correzioni/studio2/fase03/harness/test_d9_corrections.py", line 36, in no_effect
    with self.assertRaisesRegex(HarnessError, pattern):
         ~~~~~~~~~~~~~~~~~~~~~~^^^^^^^^^^^^^^^^^^^^^^^
AssertionError: "missing service metadata: weights_revision" does not match "D9: 122B documentation bytes changed"

======================================================================
FAIL: test_01_whitespace_sentinels_prevent_client_and_intents (__main__.D9Corrections.test_01_whitespace_sentinels_prevent_client_and_intents) (role='27B', value='\xa0UnDeCiDeD\xa0')
----------------------------------------------------------------------
studio2.fase03.harness.common.HarnessError: D9: 122B documentation bytes changed

During handling of the above exception, another exception occurred:

Traceback (most recent call last):
  File "/Users/luker/fot-tep-harness-d9-correzioni/studio2/fase03/harness/test_d9_corrections.py", line 50, in test_01_whitespace_sentinels_prevent_client_and_intents
    self.no_effect(self.t.producer, 'missing service metadata: weights_revision')
    ~~~~~~~~~~~~~~^^^^^^^^^^^^^^^^^^^^^^^^^^^^^^^^^^^^^^^^^^^^^^^^^^^^^^^^^^^^^^^
  File "/Users/luker/fot-tep-harness-d9-correzioni/studio2/fase03/harness/test_d9_corrections.py", line 36, in no_effect
    with self.assertRaisesRegex(HarnessError, pattern):
         ~~~~~~~~~~~~~~~~~~~~~~^^^^^^^^^^^^^^^^^^^^^^^
AssertionError: "missing service metadata: weights_revision" does not match "D9: 122B documentation bytes changed"

======================================================================
FAIL: test_04_missing_or_changed_files_direct_and_restart (__main__.D9Corrections.test_04_missing_or_changed_files_direct_and_restart) (snapshot='tmpj7xhh7cl', file='tokenizer.json', mutation='missing', restart=False)
----------------------------------------------------------------------
Traceback (most recent call last):
  File "/Users/luker/fot-tep-harness-d9-correzioni/studio2/fase03/harness/test_d9_corrections.py", line 99, in test_04_missing_or_changed_files_direct_and_restart
    try: self.no_effect(lambda: self.reserve(b, ledger))
         ~~~~~~~~~~~~~~^^^^^^^^^^^^^^^^^^^^^^^^^^^^^^^^^
  File "/Users/luker/fot-tep-harness-d9-correzioni/studio2/fase03/harness/test_d9_corrections.py", line 36, in no_effect
    with self.assertRaisesRegex(HarnessError, pattern):
         ~~~~~~~~~~~~~~~~~~~~~~^^^^^^^^^^^^^^^^^^^^^^^
AssertionError: HarnessError not raised

======================================================================
FAIL: test_04_missing_or_changed_files_direct_and_restart (__main__.D9Corrections.test_04_missing_or_changed_files_direct_and_restart) (snapshot='tmpj7xhh7cl', file='tokenizer.json', mutation='missing', restart=True)
----------------------------------------------------------------------
studio2.fase03.harness.common.HarnessError: duplicate or out-of-order logical base

During handling of the above exception, another exception occurred:

Traceback (most recent call last):
  File "/Users/luker/fot-tep-harness-d9-correzioni/studio2/fase03/harness/test_d9_corrections.py", line 99, in test_04_missing_or_changed_files_direct_and_restart
    try: self.no_effect(lambda: self.reserve(b, ledger))
         ~~~~~~~~~~~~~~^^^^^^^^^^^^^^^^^^^^^^^^^^^^^^^^^
  File "/Users/luker/fot-tep-harness-d9-correzioni/studio2/fase03/harness/test_d9_corrections.py", line 36, in no_effect
    with self.assertRaisesRegex(HarnessError, pattern):
         ~~~~~~~~~~~~~~~~~~~~~~^^^^^^^^^^^^^^^^^^^^^^^
AssertionError: "tokenizer|chat template" does not match "duplicate or out-of-order logical base"

======================================================================
FAIL: test_04_missing_or_changed_files_direct_and_restart (__main__.D9Corrections.test_04_missing_or_changed_files_direct_and_restart) (snapshot='tmpj7xhh7cl', file='tokenizer.json', mutation='changed', restart=False)
----------------------------------------------------------------------
studio2.fase03.harness.common.HarnessError: duplicate or out-of-order logical base

During handling of the above exception, another exception occurred:

Traceback (most recent call last):
  File "/Users/luker/fot-tep-harness-d9-correzioni/studio2/fase03/harness/test_d9_corrections.py", line 99, in test_04_missing_or_changed_files_direct_and_restart
    try: self.no_effect(lambda: self.reserve(b, ledger))
         ~~~~~~~~~~~~~~^^^^^^^^^^^^^^^^^^^^^^^^^^^^^^^^^
  File "/Users/luker/fot-tep-harness-d9-correzioni/studio2/fase03/harness/test_d9_corrections.py", line 36, in no_effect
    with self.assertRaisesRegex(HarnessError, pattern):
         ~~~~~~~~~~~~~~~~~~~~~~^^^^^^^^^^^^^^^^^^^^^^^
AssertionError: "tokenizer|chat template" does not match "duplicate or out-of-order logical base"

======================================================================
FAIL: test_04_missing_or_changed_files_direct_and_restart (__main__.D9Corrections.test_04_missing_or_changed_files_direct_and_restart) (snapshot='tmpj7xhh7cl', file='tokenizer.json', mutation='changed', restart=True)
----------------------------------------------------------------------
studio2.fase03.harness.common.HarnessError: duplicate or out-of-order logical base

During handling of the above exception, another exception occurred:

Traceback (most recent call last):
  File "/Users/luker/fot-tep-harness-d9-correzioni/studio2/fase03/harness/test_d9_corrections.py", line 99, in test_04_missing_or_changed_files_direct_and_restart
    try: self.no_effect(lambda: self.reserve(b, ledger))
         ~~~~~~~~~~~~~~^^^^^^^^^^^^^^^^^^^^^^^^^^^^^^^^^
  File "/Users/luker/fot-tep-harness-d9-correzioni/studio2/fase03/harness/test_d9_corrections.py", line 36, in no_effect
    with self.assertRaisesRegex(HarnessError, pattern):
         ~~~~~~~~~~~~~~~~~~~~~~^^^^^^^^^^^^^^^^^^^^^^^
AssertionError: "tokenizer|chat template" does not match "duplicate or out-of-order logical base"

======================================================================
FAIL: test_04_missing_or_changed_files_direct_and_restart (__main__.D9Corrections.test_04_missing_or_changed_files_direct_and_restart) (snapshot='tmpj7xhh7cl', file='tokenizer_config.json', mutation='missing', restart=False)
----------------------------------------------------------------------
studio2.fase03.harness.common.HarnessError: duplicate or out-of-order logical base

During handling of the above exception, another exception occurred:

Traceback (most recent call last):
  File "/Users/luker/fot-tep-harness-d9-correzioni/studio2/fase03/harness/test_d9_corrections.py", line 99, in test_04_missing_or_changed_files_direct_and_restart
    try: self.no_effect(lambda: self.reserve(b, ledger))
         ~~~~~~~~~~~~~~^^^^^^^^^^^^^^^^^^^^^^^^^^^^^^^^^
  File "/Users/luker/fot-tep-harness-d9-correzioni/studio2/fase03/harness/test_d9_corrections.py", line 36, in no_effect
    with self.assertRaisesRegex(HarnessError, pattern):
         ~~~~~~~~~~~~~~~~~~~~~~^^^^^^^^^^^^^^^^^^^^^^^
AssertionError: "tokenizer|chat template" does not match "duplicate or out-of-order logical base"

======================================================================
FAIL: test_04_missing_or_changed_files_direct_and_restart (__main__.D9Corrections.test_04_missing_or_changed_files_direct_and_restart) (snapshot='tmpj7xhh7cl', file='tokenizer_config.json', mutation='missing', restart=True)
----------------------------------------------------------------------
studio2.fase03.harness.common.HarnessError: duplicate or out-of-order logical base

During handling of the above exception, another exception occurred:

Traceback (most recent call last):
  File "/Users/luker/fot-tep-harness-d9-correzioni/studio2/fase03/harness/test_d9_corrections.py", line 99, in test_04_missing_or_changed_files_direct_and_restart
    try: self.no_effect(lambda: self.reserve(b, ledger))
         ~~~~~~~~~~~~~~^^^^^^^^^^^^^^^^^^^^^^^^^^^^^^^^^
  File "/Users/luker/fot-tep-harness-d9-correzioni/studio2/fase03/harness/test_d9_corrections.py", line 36, in no_effect
    with self.assertRaisesRegex(HarnessError, pattern):
         ~~~~~~~~~~~~~~~~~~~~~~^^^^^^^^^^^^^^^^^^^^^^^
AssertionError: "tokenizer|chat template" does not match "duplicate or out-of-order logical base"

======================================================================
FAIL: test_04_missing_or_changed_files_direct_and_restart (__main__.D9Corrections.test_04_missing_or_changed_files_direct_and_restart) (snapshot='tmpj7xhh7cl', file='tokenizer_config.json', mutation='changed', restart=False)
----------------------------------------------------------------------
studio2.fase03.harness.common.HarnessError: duplicate or out-of-order logical base

During handling of the above exception, another exception occurred:

Traceback (most recent call last):
  File "/Users/luker/fot-tep-harness-d9-correzioni/studio2/fase03/harness/test_d9_corrections.py", line 99, in test_04_missing_or_changed_files_direct_and_restart
    try: self.no_effect(lambda: self.reserve(b, ledger))
         ~~~~~~~~~~~~~~^^^^^^^^^^^^^^^^^^^^^^^^^^^^^^^^^
  File "/Users/luker/fot-tep-harness-d9-correzioni/studio2/fase03/harness/test_d9_corrections.py", line 36, in no_effect
    with self.assertRaisesRegex(HarnessError, pattern):
         ~~~~~~~~~~~~~~~~~~~~~~^^^^^^^^^^^^^^^^^^^^^^^
AssertionError: "tokenizer|chat template" does not match "duplicate or out-of-order logical base"

======================================================================
FAIL: test_04_missing_or_changed_files_direct_and_restart (__main__.D9Corrections.test_04_missing_or_changed_files_direct_and_restart) (snapshot='tmpj7xhh7cl', file='tokenizer_config.json', mutation='changed', restart=True)
----------------------------------------------------------------------
studio2.fase03.harness.common.HarnessError: duplicate or out-of-order logical base

During handling of the above exception, another exception occurred:

Traceback (most recent call last):
  File "/Users/luker/fot-tep-harness-d9-correzioni/studio2/fase03/harness/test_d9_corrections.py", line 99, in test_04_missing_or_changed_files_direct_and_restart
    try: self.no_effect(lambda: self.reserve(b, ledger))
         ~~~~~~~~~~~~~~^^^^^^^^^^^^^^^^^^^^^^^^^^^^^^^^^
  File "/Users/luker/fot-tep-harness-d9-correzioni/studio2/fase03/harness/test_d9_corrections.py", line 36, in no_effect
    with self.assertRaisesRegex(HarnessError, pattern):
         ~~~~~~~~~~~~~~~~~~~~~~^^^^^^^^^^^^^^^^^^^^^^^
AssertionError: "tokenizer|chat template" does not match "duplicate or out-of-order logical base"

======================================================================
FAIL: test_04_missing_or_changed_files_direct_and_restart (__main__.D9Corrections.test_04_missing_or_changed_files_direct_and_restart) (snapshot='tmpj7xhh7cl', file='chat_template.jinja', mutation='changed', restart=False)
----------------------------------------------------------------------
studio2.fase03.harness.common.HarnessError: duplicate or out-of-order logical base

During handling of the above exception, another exception occurred:

Traceback (most recent call last):
  File "/Users/luker/fot-tep-harness-d9-correzioni/studio2/fase03/harness/test_d9_corrections.py", line 99, in test_04_missing_or_changed_files_direct_and_restart
    try: self.no_effect(lambda: self.reserve(b, ledger))
         ~~~~~~~~~~~~~~^^^^^^^^^^^^^^^^^^^^^^^^^^^^^^^^^
  File "/Users/luker/fot-tep-harness-d9-correzioni/studio2/fase03/harness/test_d9_corrections.py", line 36, in no_effect
    with self.assertRaisesRegex(HarnessError, pattern):
         ~~~~~~~~~~~~~~~~~~~~~~^^^^^^^^^^^^^^^^^^^^^^^
AssertionError: "tokenizer|chat template" does not match "duplicate or out-of-order logical base"

======================================================================
FAIL: test_04_missing_or_changed_files_direct_and_restart (__main__.D9Corrections.test_04_missing_or_changed_files_direct_and_restart) (snapshot='tmpj7xhh7cl', file='chat_template.jinja', mutation='changed', restart=True)
----------------------------------------------------------------------
studio2.fase03.harness.common.HarnessError: duplicate or out-of-order logical base

During handling of the above exception, another exception occurred:

Traceback (most recent call last):
  File "/Users/luker/fot-tep-harness-d9-correzioni/studio2/fase03/harness/test_d9_corrections.py", line 99, in test_04_missing_or_changed_files_direct_and_restart
    try: self.no_effect(lambda: self.reserve(b, ledger))
         ~~~~~~~~~~~~~~^^^^^^^^^^^^^^^^^^^^^^^^^^^^^^^^^
  File "/Users/luker/fot-tep-harness-d9-correzioni/studio2/fase03/harness/test_d9_corrections.py", line 36, in no_effect
    with self.assertRaisesRegex(HarnessError, pattern):
         ~~~~~~~~~~~~~~~~~~~~~~^^^^^^^^^^^^^^^^^^^^^^^
AssertionError: "tokenizer|chat template" does not match "duplicate or out-of-order logical base"

======================================================================
FAIL: test_04_missing_or_changed_files_direct_and_restart (__main__.D9Corrections.test_04_missing_or_changed_files_direct_and_restart) (snapshot='service-tokenizer', file='tokenizer.json', mutation='missing', restart=False)
----------------------------------------------------------------------
studio2.fase03.harness.common.HarnessError: duplicate or out-of-order logical base

During handling of the above exception, another exception occurred:

Traceback (most recent call last):
  File "/Users/luker/fot-tep-harness-d9-correzioni/studio2/fase03/harness/test_d9_corrections.py", line 99, in test_04_missing_or_changed_files_direct_and_restart
    try: self.no_effect(lambda: self.reserve(b, ledger))
         ~~~~~~~~~~~~~~^^^^^^^^^^^^^^^^^^^^^^^^^^^^^^^^^
  File "/Users/luker/fot-tep-harness-d9-correzioni/studio2/fase03/harness/test_d9_corrections.py", line 36, in no_effect
    with self.assertRaisesRegex(HarnessError, pattern):
         ~~~~~~~~~~~~~~~~~~~~~~^^^^^^^^^^^^^^^^^^^^^^^
AssertionError: "tokenizer|chat template" does not match "duplicate or out-of-order logical base"

======================================================================
FAIL: test_04_missing_or_changed_files_direct_and_restart (__main__.D9Corrections.test_04_missing_or_changed_files_direct_and_restart) (snapshot='service-tokenizer', file='tokenizer.json', mutation='missing', restart=True)
----------------------------------------------------------------------
studio2.fase03.harness.common.HarnessError: duplicate or out-of-order logical base

During handling of the above exception, another exception occurred:

Traceback (most recent call last):
  File "/Users/luker/fot-tep-harness-d9-correzioni/studio2/fase03/harness/test_d9_corrections.py", line 99, in test_04_missing_or_changed_files_direct_and_restart
    try: self.no_effect(lambda: self.reserve(b, ledger))
         ~~~~~~~~~~~~~~^^^^^^^^^^^^^^^^^^^^^^^^^^^^^^^^^
  File "/Users/luker/fot-tep-harness-d9-correzioni/studio2/fase03/harness/test_d9_corrections.py", line 36, in no_effect
    with self.assertRaisesRegex(HarnessError, pattern):
         ~~~~~~~~~~~~~~~~~~~~~~^^^^^^^^^^^^^^^^^^^^^^^
AssertionError: "tokenizer|chat template" does not match "duplicate or out-of-order logical base"

======================================================================
FAIL: test_04_missing_or_changed_files_direct_and_restart (__main__.D9Corrections.test_04_missing_or_changed_files_direct_and_restart) (snapshot='service-tokenizer', file='tokenizer.json', mutation='changed', restart=False)
----------------------------------------------------------------------
studio2.fase03.harness.common.HarnessError: duplicate or out-of-order logical base

During handling of the above exception, another exception occurred:

Traceback (most recent call last):
  File "/Users/luker/fot-tep-harness-d9-correzioni/studio2/fase03/harness/test_d9_corrections.py", line 99, in test_04_missing_or_changed_files_direct_and_restart
    try: self.no_effect(lambda: self.reserve(b, ledger))
         ~~~~~~~~~~~~~~^^^^^^^^^^^^^^^^^^^^^^^^^^^^^^^^^
  File "/Users/luker/fot-tep-harness-d9-correzioni/studio2/fase03/harness/test_d9_corrections.py", line 36, in no_effect
    with self.assertRaisesRegex(HarnessError, pattern):
         ~~~~~~~~~~~~~~~~~~~~~~^^^^^^^^^^^^^^^^^^^^^^^
AssertionError: "tokenizer|chat template" does not match "duplicate or out-of-order logical base"

======================================================================
FAIL: test_04_missing_or_changed_files_direct_and_restart (__main__.D9Corrections.test_04_missing_or_changed_files_direct_and_restart) (snapshot='service-tokenizer', file='tokenizer.json', mutation='changed', restart=True)
----------------------------------------------------------------------
studio2.fase03.harness.common.HarnessError: duplicate or out-of-order logical base

During handling of the above exception, another exception occurred:

Traceback (most recent call last):
  File "/Users/luker/fot-tep-harness-d9-correzioni/studio2/fase03/harness/test_d9_corrections.py", line 99, in test_04_missing_or_changed_files_direct_and_restart
    try: self.no_effect(lambda: self.reserve(b, ledger))
         ~~~~~~~~~~~~~~^^^^^^^^^^^^^^^^^^^^^^^^^^^^^^^^^
  File "/Users/luker/fot-tep-harness-d9-correzioni/studio2/fase03/harness/test_d9_corrections.py", line 36, in no_effect
    with self.assertRaisesRegex(HarnessError, pattern):
         ~~~~~~~~~~~~~~~~~~~~~~^^^^^^^^^^^^^^^^^^^^^^^
AssertionError: "tokenizer|chat template" does not match "duplicate or out-of-order logical base"

======================================================================
FAIL: test_04_missing_or_changed_files_direct_and_restart (__main__.D9Corrections.test_04_missing_or_changed_files_direct_and_restart) (snapshot='service-tokenizer', file='tokenizer_config.json', mutation='missing', restart=False)
----------------------------------------------------------------------
studio2.fase03.harness.common.HarnessError: duplicate or out-of-order logical base

During handling of the above exception, another exception occurred:

Traceback (most recent call last):
  File "/Users/luker/fot-tep-harness-d9-correzioni/studio2/fase03/harness/test_d9_corrections.py", line 99, in test_04_missing_or_changed_files_direct_and_restart
    try: self.no_effect(lambda: self.reserve(b, ledger))
         ~~~~~~~~~~~~~~^^^^^^^^^^^^^^^^^^^^^^^^^^^^^^^^^
  File "/Users/luker/fot-tep-harness-d9-correzioni/studio2/fase03/harness/test_d9_corrections.py", line 36, in no_effect
    with self.assertRaisesRegex(HarnessError, pattern):
         ~~~~~~~~~~~~~~~~~~~~~~^^^^^^^^^^^^^^^^^^^^^^^
AssertionError: "tokenizer|chat template" does not match "duplicate or out-of-order logical base"

======================================================================
FAIL: test_04_missing_or_changed_files_direct_and_restart (__main__.D9Corrections.test_04_missing_or_changed_files_direct_and_restart) (snapshot='service-tokenizer', file='tokenizer_config.json', mutation='missing', restart=True)
----------------------------------------------------------------------
studio2.fase03.harness.common.HarnessError: duplicate or out-of-order logical base

During handling of the above exception, another exception occurred:

Traceback (most recent call last):
  File "/Users/luker/fot-tep-harness-d9-correzioni/studio2/fase03/harness/test_d9_corrections.py", line 99, in test_04_missing_or_changed_files_direct_and_restart
    try: self.no_effect(lambda: self.reserve(b, ledger))
         ~~~~~~~~~~~~~~^^^^^^^^^^^^^^^^^^^^^^^^^^^^^^^^^
  File "/Users/luker/fot-tep-harness-d9-correzioni/studio2/fase03/harness/test_d9_corrections.py", line 36, in no_effect
    with self.assertRaisesRegex(HarnessError, pattern):
         ~~~~~~~~~~~~~~~~~~~~~~^^^^^^^^^^^^^^^^^^^^^^^
AssertionError: "tokenizer|chat template" does not match "duplicate or out-of-order logical base"

======================================================================
FAIL: test_04_missing_or_changed_files_direct_and_restart (__main__.D9Corrections.test_04_missing_or_changed_files_direct_and_restart) (snapshot='service-tokenizer', file='tokenizer_config.json', mutation='changed', restart=False)
----------------------------------------------------------------------
studio2.fase03.harness.common.HarnessError: duplicate or out-of-order logical base

During handling of the above exception, another exception occurred:

Traceback (most recent call last):
  File "/Users/luker/fot-tep-harness-d9-correzioni/studio2/fase03/harness/test_d9_corrections.py", line 99, in test_04_missing_or_changed_files_direct_and_restart
    try: self.no_effect(lambda: self.reserve(b, ledger))
         ~~~~~~~~~~~~~~^^^^^^^^^^^^^^^^^^^^^^^^^^^^^^^^^
  File "/Users/luker/fot-tep-harness-d9-correzioni/studio2/fase03/harness/test_d9_corrections.py", line 36, in no_effect
    with self.assertRaisesRegex(HarnessError, pattern):
         ~~~~~~~~~~~~~~~~~~~~~~^^^^^^^^^^^^^^^^^^^^^^^
AssertionError: "tokenizer|chat template" does not match "duplicate or out-of-order logical base"

======================================================================
FAIL: test_04_missing_or_changed_files_direct_and_restart (__main__.D9Corrections.test_04_missing_or_changed_files_direct_and_restart) (snapshot='service-tokenizer', file='tokenizer_config.json', mutation='changed', restart=True)
----------------------------------------------------------------------
studio2.fase03.harness.common.HarnessError: duplicate or out-of-order logical base

During handling of the above exception, another exception occurred:

Traceback (most recent call last):
  File "/Users/luker/fot-tep-harness-d9-correzioni/studio2/fase03/harness/test_d9_corrections.py", line 99, in test_04_missing_or_changed_files_direct_and_restart
    try: self.no_effect(lambda: self.reserve(b, ledger))
         ~~~~~~~~~~~~~~^^^^^^^^^^^^^^^^^^^^^^^^^^^^^^^^^
  File "/Users/luker/fot-tep-harness-d9-correzioni/studio2/fase03/harness/test_d9_corrections.py", line 36, in no_effect
    with self.assertRaisesRegex(HarnessError, pattern):
         ~~~~~~~~~~~~~~~~~~~~~~^^^^^^^^^^^^^^^^^^^^^^^
AssertionError: "tokenizer|chat template" does not match "duplicate or out-of-order logical base"

======================================================================
FAIL: test_04_missing_or_changed_files_direct_and_restart (__main__.D9Corrections.test_04_missing_or_changed_files_direct_and_restart) (snapshot='service-tokenizer', file='chat_template.jinja', mutation='changed', restart=False)
----------------------------------------------------------------------
studio2.fase03.harness.common.HarnessError: duplicate or out-of-order logical base

During handling of the above exception, another exception occurred:

Traceback (most recent call last):
  File "/Users/luker/fot-tep-harness-d9-correzioni/studio2/fase03/harness/test_d9_corrections.py", line 99, in test_04_missing_or_changed_files_direct_and_restart
    try: self.no_effect(lambda: self.reserve(b, ledger))
         ~~~~~~~~~~~~~~^^^^^^^^^^^^^^^^^^^^^^^^^^^^^^^^^
  File "/Users/luker/fot-tep-harness-d9-correzioni/studio2/fase03/harness/test_d9_corrections.py", line 36, in no_effect
    with self.assertRaisesRegex(HarnessError, pattern):
         ~~~~~~~~~~~~~~~~~~~~~~^^^^^^^^^^^^^^^^^^^^^^^
AssertionError: "tokenizer|chat template" does not match "duplicate or out-of-order logical base"

======================================================================
FAIL: test_04_missing_or_changed_files_direct_and_restart (__main__.D9Corrections.test_04_missing_or_changed_files_direct_and_restart) (snapshot='service-tokenizer', file='chat_template.jinja', mutation='changed', restart=True)
----------------------------------------------------------------------
studio2.fase03.harness.common.HarnessError: duplicate or out-of-order logical base

During handling of the above exception, another exception occurred:

Traceback (most recent call last):
  File "/Users/luker/fot-tep-harness-d9-correzioni/studio2/fase03/harness/test_d9_corrections.py", line 99, in test_04_missing_or_changed_files_direct_and_restart
    try: self.no_effect(lambda: self.reserve(b, ledger))
         ~~~~~~~~~~~~~~^^^^^^^^^^^^^^^^^^^^^^^^^^^^^^^^^
  File "/Users/luker/fot-tep-harness-d9-correzioni/studio2/fase03/harness/test_d9_corrections.py", line 36, in no_effect
    with self.assertRaisesRegex(HarnessError, pattern):
         ~~~~~~~~~~~~~~~~~~~~~~^^^^^^^^^^^^^^^^^^^^^^^
AssertionError: "tokenizer|chat template" does not match "duplicate or out-of-order logical base"

======================================================================
FAIL: test_05_success_then_new_fault_same_instance (__main__.D9Corrections.test_05_success_then_new_fault_same_instance)
----------------------------------------------------------------------
Traceback (most recent call last):
  File "/Users/luker/fot-tep-harness-d9-correzioni/studio2/fase03/harness/test_d9_corrections.py", line 106, in test_05_success_then_new_fault_same_instance
    self.no_effect(lambda: self.t.ledger.reserve_request(request_id='second',
    ~~~~~~~~~~~~~~^^^^^^^^^^^^^^^^^^^^^^^^^^^^^^^^^^^^^^^^^^^^^^^^^^^^^^^^^^^
        logical_id=spec['logical_id'], model=spec['model'], producer=spec['producer'],
        ^^^^^^^^^^^^^^^^^^^^^^^^^^^^^^^^^^^^^^^^^^^^^^^^^^^^^^^^^^^^^^^^^^^^^^^^^^^^^^
        stage='budget_probe', stage_run=digest(b)))
        ^^^^^^^^^^^^^^^^^^^^^^^^^^^^^^^^^^^^^^^^^^^
  File "/Users/luker/fot-tep-harness-d9-correzioni/studio2/fase03/harness/test_d9_corrections.py", line 36, in no_effect
    with self.assertRaisesRegex(HarnessError, pattern):
         ~~~~~~~~~~~~~~~~~~~~~~^^^^^^^^^^^^^^^^^^^^^^^
AssertionError: HarnessError not raised

======================================================================
FAIL: test_06_rebind_and_binding_reuse_require_current_files (__main__.D9Corrections.test_06_rebind_and_binding_reuse_require_current_files)
----------------------------------------------------------------------
Traceback (most recent call last):
  File "/Users/luker/fot-tep-harness-d9-correzioni/studio2/fase03/harness/test_d9_corrections.py", line 112, in test_06_rebind_and_binding_reuse_require_current_files
    self.no_effect(lambda: self.t.ledger.bind_stage('budget_probe', b))
    ~~~~~~~~~~~~~~^^^^^^^^^^^^^^^^^^^^^^^^^^^^^^^^^^^^^^^^^^^^^^^^^^^^^
  File "/Users/luker/fot-tep-harness-d9-correzioni/studio2/fase03/harness/test_d9_corrections.py", line 36, in no_effect
    with self.assertRaisesRegex(HarnessError, pattern):
         ~~~~~~~~~~~~~~~~~~~~~~^^^^^^^^^^^^^^^^^^^^^^^
AssertionError: HarnessError not raised

======================================================================
FAIL: test_07_execute_request_no_transport_or_journal_after_loss (__main__.D9Corrections.test_07_execute_request_no_transport_or_journal_after_loss)
----------------------------------------------------------------------
studio2.fase03.harness.common.HarnessError: expected returned model is missing

During handling of the above exception, another exception occurred:

Traceback (most recent call last):
  File "/Users/luker/fot-tep-harness-d9-correzioni/studio2/fase03/harness/test_d9_corrections.py", line 117, in test_07_execute_request_no_transport_or_journal_after_loss
    self.no_effect(lambda: execute_request(ledger=self.t.ledger, stage='budget_probe',
    ~~~~~~~~~~~~~~^^^^^^^^^^^^^^^^^^^^^^^^^^^^^^^^^^^^^^^^^^^^^^^^^^^^^^^^^^^^^^^^^^^^
        spec=b['requests'][0], transport=lambda: sent.append('SENT'), evaluate=lambda raw: {},
        ^^^^^^^^^^^^^^^^^^^^^^^^^^^^^^^^^^^^^^^^^^^^^^^^^^^^^^^^^^^^^^^^^^^^^^^^^^^^^^^^^^^^^^
        expected_identity={}, journal_path=self.t.results/'new-journal.jsonl'))
        ^^^^^^^^^^^^^^^^^^^^^^^^^^^^^^^^^^^^^^^^^^^^^^^^^^^^^^^^^^^^^^^^^^^^^^^
  File "/Users/luker/fot-tep-harness-d9-correzioni/studio2/fase03/harness/test_d9_corrections.py", line 36, in no_effect
    with self.assertRaisesRegex(HarnessError, pattern):
         ~~~~~~~~~~~~~~~~~~~~~~^^^^^^^^^^^^^^^^^^^^^^^
AssertionError: "tokenizer|chat template" does not match "expected returned model is missing"

======================================================================
FAIL: test_08_closed_producer_reuse_requires_recoverable_tokenizer (__main__.D9Corrections.test_08_closed_producer_reuse_requires_recoverable_tokenizer)
----------------------------------------------------------------------
Traceback (most recent call last):
  File "/Users/luker/fot-tep-harness-d9-correzioni/studio2/fase03/harness/test_d9_corrections.py", line 125, in test_08_closed_producer_reuse_requires_recoverable_tokenizer
    self.no_effect(lambda: self.t.ledger.binding('producer_conformity'))
    ~~~~~~~~~~~~~~^^^^^^^^^^^^^^^^^^^^^^^^^^^^^^^^^^^^^^^^^^^^^^^^^^^^^^
  File "/Users/luker/fot-tep-harness-d9-correzioni/studio2/fase03/harness/test_d9_corrections.py", line 36, in no_effect
    with self.assertRaisesRegex(HarnessError, pattern):
         ~~~~~~~~~~~~~~~~~~~~~~^^^^^^^^^^^^^^^^^^^^^^^
AssertionError: HarnessError not raised

======================================================================
FAIL: test_09_missing_service_snapshot_binding_fails_closed (__main__.D9Corrections.test_09_missing_service_snapshot_binding_fails_closed)
----------------------------------------------------------------------
Traceback (most recent call last):
  File "/Users/luker/fot-tep-harness-d9-correzioni/studio2/fase03/harness/test_d9_corrections.py", line 131, in test_09_missing_service_snapshot_binding_fails_closed
    self.no_effect(lambda: self.t.ledger.bind_stage('budget_probe', b), 'tokenizer')
    ~~~~~~~~~~~~~~^^^^^^^^^^^^^^^^^^^^^^^^^^^^^^^^^^^^^^^^^^^^^^^^^^^^^^^^^^^^^^^^^^
  File "/Users/luker/fot-tep-harness-d9-correzioni/studio2/fase03/harness/test_d9_corrections.py", line 36, in no_effect
    with self.assertRaisesRegex(HarnessError, pattern):
         ~~~~~~~~~~~~~~~~~~~~~~^^^^^^^^^^^^^^^^^^^^^^^
AssertionError: HarnessError not raised

======================================================================
FAIL: test_10_alternate_producer_reuse_checks_its_chat_snapshot (__main__.D9Corrections.test_10_alternate_producer_reuse_checks_its_chat_snapshot)
----------------------------------------------------------------------
Traceback (most recent call last):
  File "/Users/luker/fot-tep-harness-d9-correzioni/studio2/fase03/harness/test_d9_corrections.py", line 137, in test_10_alternate_producer_reuse_checks_its_chat_snapshot
    self.no_effect(lambda: self.t.ledger.binding('alternate_conformity'))
    ~~~~~~~~~~~~~~^^^^^^^^^^^^^^^^^^^^^^^^^^^^^^^^^^^^^^^^^^^^^^^^^^^^^^^
  File "/Users/luker/fot-tep-harness-d9-correzioni/studio2/fase03/harness/test_d9_corrections.py", line 36, in no_effect
    with self.assertRaisesRegex(HarnessError, pattern):
         ~~~~~~~~~~~~~~~~~~~~~~^^^^^^^^^^^^^^^^^^^^^^^
AssertionError: HarnessError not raised

----------------------------------------------------------------------
Ran 11 tests in 12.754s

FAILED (failures=32)
