test_01_whitespace_sentinels_prevent_client_and_intents (__main__.D9Corrections.test_01_whitespace_sentinels_prevent_client_and_intents) ... /opt/anaconda3/lib/python3.13/json/decoder.py:361: ResourceWarning: unclosed database in <sqlite3.Connection object at 0x1060a53f0>
  obj, end = self.scan_once(s, idx)
ResourceWarning: Enable tracemalloc to get the object allocation traceback

  test_01_whitespace_sentinels_prevent_client_and_intents (__main__.D9Corrections.test_01_whitespace_sentinels_prevent_client_and_intents) (role='122B', value=' PENDING ') ... FAIL
  test_01_whitespace_sentinels_prevent_client_and_intents (__main__.D9Corrections.test_01_whitespace_sentinels_prevent_client_and_intents) (role='122B', value='\tunknown\n') ... FAIL
  test_01_whitespace_sentinels_prevent_client_and_intents (__main__.D9Corrections.test_01_whitespace_sentinels_prevent_client_and_intents) (role='122B', value='\xa0UnDeCiDeD\xa0') ... FAIL
  test_01_whitespace_sentinels_prevent_client_and_intents (__main__.D9Corrections.test_01_whitespace_sentinels_prevent_client_and_intents) (role='27B', value=' PENDING ') ... FAIL
  test_01_whitespace_sentinels_prevent_client_and_intents (__main__.D9Corrections.test_01_whitespace_sentinels_prevent_client_and_intents) (role='27B', value='\tunknown\n') ... FAIL
  test_01_whitespace_sentinels_prevent_client_and_intents (__main__.D9Corrections.test_01_whitespace_sentinels_prevent_client_and_intents) (role='27B', value='\xa0UnDeCiDeD\xa0') ... FAIL
test_02_valid_metadata_and_resume_preserve_outputs (__main__.D9Corrections.test_02_valid_metadata_and_resume_preserve_outputs) ... /opt/anaconda3/lib/python3.13/json/decoder.py:361: ResourceWarning: unclosed database in <sqlite3.Connection object at 0x107ed07c0>
  obj, end = self.scan_once(s, idx)
ResourceWarning: Enable tracemalloc to get the object allocation traceback
/opt/anaconda3/lib/python3.13/json/decoder.py:361: ResourceWarning: unclosed database in <sqlite3.Connection object at 0x107ed0c70>
  obj, end = self.scan_once(s, idx)
ResourceWarning: Enable tracemalloc to get the object allocation traceback
/opt/anaconda3/lib/python3.13/json/decoder.py:361: ResourceWarning: unclosed database in <sqlite3.Connection object at 0x107ed1030>
  obj, end = self.scan_once(s, idx)
ResourceWarning: Enable tracemalloc to get the object allocation traceback
/opt/anaconda3/lib/python3.13/json/decoder.py:361: ResourceWarning: unclosed database in <sqlite3.Connection object at 0x107ed13f0>
  obj, end = self.scan_once(s, idx)
ResourceWarning: Enable tracemalloc to get the object allocation traceback
/opt/anaconda3/lib/python3.13/json/decoder.py:361: ResourceWarning: unclosed database in <sqlite3.Connection object at 0x107ed17b0>
  obj, end = self.scan_once(s, idx)
ResourceWarning: Enable tracemalloc to get the object allocation traceback
/opt/anaconda3/lib/python3.13/json/decoder.py:361: ResourceWarning: unclosed database in <sqlite3.Connection object at 0x107ed1f30>
  obj, end = self.scan_once(s, idx)
ResourceWarning: Enable tracemalloc to get the object allocation traceback
ok
test_03_distinct_snapshots_positive_direct_reserve (__main__.D9Corrections.test_03_distinct_snapshots_positive_direct_reserve) ... /opt/anaconda3/lib/python3.13/json/decoder.py:361: ResourceWarning: unclosed database in <sqlite3.Connection object at 0x107a6cd60>
  obj, end = self.scan_once(s, idx)
ResourceWarning: Enable tracemalloc to get the object allocation traceback
ok
test_04_missing_or_changed_files_direct_and_restart (__main__.D9Corrections.test_04_missing_or_changed_files_direct_and_restart) ... 
  test_04_missing_or_changed_files_direct_and_restart (__main__.D9Corrections.test_04_missing_or_changed_files_direct_and_restart) (snapshot='tmpbk8qhl7e', file='tokenizer.json', mutation='missing', restart=False) ... FAIL
  test_04_missing_or_changed_files_direct_and_restart (__main__.D9Corrections.test_04_missing_or_changed_files_direct_and_restart) (snapshot='tmpbk8qhl7e', file='tokenizer.json', mutation='missing', restart=True) ... FAIL
  test_04_missing_or_changed_files_direct_and_restart (__main__.D9Corrections.test_04_missing_or_changed_files_direct_and_restart) (snapshot='tmpbk8qhl7e', file='tokenizer.json', mutation='changed', restart=False) ... FAIL
  test_04_missing_or_changed_files_direct_and_restart (__main__.D9Corrections.test_04_missing_or_changed_files_direct_and_restart) (snapshot='tmpbk8qhl7e', file='tokenizer.json', mutation='changed', restart=True) ... FAIL
  test_04_missing_or_changed_files_direct_and_restart (__main__.D9Corrections.test_04_missing_or_changed_files_direct_and_restart) (snapshot='tmpbk8qhl7e', file='tokenizer_config.json', mutation='missing', restart=False) ... FAIL
  test_04_missing_or_changed_files_direct_and_restart (__main__.D9Corrections.test_04_missing_or_changed_files_direct_and_restart) (snapshot='tmpbk8qhl7e', file='tokenizer_config.json', mutation='missing', restart=True) ... FAIL
  test_04_missing_or_changed_files_direct_and_restart (__main__.D9Corrections.test_04_missing_or_changed_files_direct_and_restart) (snapshot='tmpbk8qhl7e', file='tokenizer_config.json', mutation='changed', restart=False) ... FAIL
  test_04_missing_or_changed_files_direct_and_restart (__main__.D9Corrections.test_04_missing_or_changed_files_direct_and_restart) (snapshot='tmpbk8qhl7e', file='tokenizer_config.json', mutation='changed', restart=True) ... FAIL
test_04_missing_or_changed_files_direct_and_restart (__main__.D9Corrections.test_04_missing_or_changed_files_direct_and_restart) ... ERROR
test_05_success_then_new_fault_same_instance (__main__.D9Corrections.test_05_success_then_new_fault_same_instance) ... /opt/anaconda3/lib/python3.13/json/decoder.py:361: ResourceWarning: unclosed database in <sqlite3.Connection object at 0x106eab6a0>
  obj, end = self.scan_once(s, idx)
ResourceWarning: Enable tracemalloc to get the object allocation traceback
/opt/anaconda3/lib/python3.13/json/decoder.py:361: ResourceWarning: unclosed database in <sqlite3.Connection object at 0x1060a6980>
  obj, end = self.scan_once(s, idx)
ResourceWarning: Enable tracemalloc to get the object allocation traceback
/opt/anaconda3/lib/python3.13/json/decoder.py:361: ResourceWarning: unclosed database in <sqlite3.Connection object at 0x1060a6f20>
  obj, end = self.scan_once(s, idx)
ResourceWarning: Enable tracemalloc to get the object allocation traceback
/opt/anaconda3/lib/python3.13/json/decoder.py:361: ResourceWarning: unclosed database in <sqlite3.Connection object at 0x1060a73d0>
  obj, end = self.scan_once(s, idx)
ResourceWarning: Enable tracemalloc to get the object allocation traceback
/opt/anaconda3/lib/python3.13/json/decoder.py:361: ResourceWarning: unclosed database in <sqlite3.Connection object at 0x1060a6b60>
  obj, end = self.scan_once(s, idx)
ResourceWarning: Enable tracemalloc to get the object allocation traceback
/opt/anaconda3/lib/python3.13/json/decoder.py:361: ResourceWarning: unclosed database in <sqlite3.Connection object at 0x1060a57b0>
  obj, end = self.scan_once(s, idx)
ResourceWarning: Enable tracemalloc to get the object allocation traceback
/opt/anaconda3/lib/python3.13/json/decoder.py:361: ResourceWarning: unclosed database in <sqlite3.Connection object at 0x1060a5990>
  obj, end = self.scan_once(s, idx)
ResourceWarning: Enable tracemalloc to get the object allocation traceback
/opt/anaconda3/lib/python3.13/json/decoder.py:361: ResourceWarning: unclosed database in <sqlite3.Connection object at 0x1060a56c0>
  obj, end = self.scan_once(s, idx)
ResourceWarning: Enable tracemalloc to get the object allocation traceback
FAIL
test_06_rebind_and_binding_reuse_require_current_files (__main__.D9Corrections.test_06_rebind_and_binding_reuse_require_current_files) ... /opt/anaconda3/lib/python3.13/json/decoder.py:361: ResourceWarning: unclosed database in <sqlite3.Connection object at 0x1060a72e0>
  obj, end = self.scan_once(s, idx)
ResourceWarning: Enable tracemalloc to get the object allocation traceback
FAIL
test_07_execute_request_no_transport_or_journal_after_loss (__main__.D9Corrections.test_07_execute_request_no_transport_or_journal_after_loss) ... /opt/anaconda3/lib/python3.13/json/decoder.py:361: ResourceWarning: unclosed database in <sqlite3.Connection object at 0x110c82200>
  obj, end = self.scan_once(s, idx)
ResourceWarning: Enable tracemalloc to get the object allocation traceback
FAIL
test_08_closed_producer_reuse_requires_recoverable_tokenizer (__main__.D9Corrections.test_08_closed_producer_reuse_requires_recoverable_tokenizer) ... /opt/anaconda3/lib/python3.13/json/decoder.py:361: ResourceWarning: unclosed database in <sqlite3.Connection object at 0x107d4f880>
  obj, end = self.scan_once(s, idx)
ResourceWarning: Enable tracemalloc to get the object allocation traceback
FAIL
test_09_missing_service_snapshot_binding_fails_closed (__main__.D9Corrections.test_09_missing_service_snapshot_binding_fails_closed) ... /opt/anaconda3/lib/python3.13/json/decoder.py:361: ResourceWarning: unclosed database in <sqlite3.Connection object at 0x106f1eb60>
  obj, end = self.scan_once(s, idx)
ResourceWarning: Enable tracemalloc to get the object allocation traceback
FAIL
test_10_alternate_producer_reuse_checks_its_chat_snapshot (__main__.D9Corrections.test_10_alternate_producer_reuse_checks_its_chat_snapshot) ... /opt/anaconda3/lib/python3.13/json/decoder.py:361: ResourceWarning: unclosed database in <sqlite3.Connection object at 0x11115e5c0>
  obj, end = self.scan_once(s, idx)
ResourceWarning: Enable tracemalloc to get the object allocation traceback
FAIL

======================================================================
ERROR: test_04_missing_or_changed_files_direct_and_restart (__main__.D9Corrections.test_04_missing_or_changed_files_direct_and_restart)
----------------------------------------------------------------------
Traceback (most recent call last):
  File "/Users/luker/fot-tep-harness-d9-correzioni/studio2/fase03/harness/test_d9_corrections.py", line 90, in test_04_missing_or_changed_files_direct_and_restart
    p = snapshot / filename; original = p.read_bytes()
                                        ~~~~~~~~~~~~^^
  File "/opt/anaconda3/lib/python3.13/pathlib/_abc.py", line 625, in read_bytes
    with self.open(mode='rb') as f:
         ~~~~~~~~~^^^^^^^^^^^
  File "/opt/anaconda3/lib/python3.13/pathlib/_local.py", line 537, in open
    return io.open(self, mode, buffering, encoding, errors, newline)
           ~~~~~~~^^^^^^^^^^^^^^^^^^^^^^^^^^^^^^^^^^^^^^^^^^^^^^^^^^
FileNotFoundError: [Errno 2] No such file or directory: '/var/folders/70/_hlqlsnj2_j8v8m0k1wfckh40000gn/T/tmpbk8qhl7e/fixture-revision/chat_template.jinja'

======================================================================
FAIL: test_01_whitespace_sentinels_prevent_client_and_intents (__main__.D9Corrections.test_01_whitespace_sentinels_prevent_client_and_intents) (role='122B', value=' PENDING ')
----------------------------------------------------------------------
Traceback (most recent call last):
  File "/Users/luker/fot-tep-harness-d9-correzioni/studio2/fase03/harness/test_d9_corrections.py", line 50, in test_01_whitespace_sentinels_prevent_client_and_intents
    self.no_effect(self.t.producer, 'missing service metadata: weights_revision')
    ~~~~~~~~~~~~~~^^^^^^^^^^^^^^^^^^^^^^^^^^^^^^^^^^^^^^^^^^^^^^^^^^^^^^^^^^^^^^^
  File "/Users/luker/fot-tep-harness-d9-correzioni/studio2/fase03/harness/test_d9_corrections.py", line 36, in no_effect
    with self.assertRaisesRegex(HarnessError, pattern):
         ~~~~~~~~~~~~~~~~~~~~~~^^^^^^^^^^^^^^^^^^^^^^^
AssertionError: HarnessError not raised

======================================================================
FAIL: test_01_whitespace_sentinels_prevent_client_and_intents (__main__.D9Corrections.test_01_whitespace_sentinels_prevent_client_and_intents) (role='122B', value='\tunknown\n')
----------------------------------------------------------------------
studio2.fase03.harness.common.HarnessError: D9: 122B documentation bytes changed

During handling of the above exception, another exception occurred:

Traceback (most recent call last):
  File "/Users/luker/fot-tep-harness-d9-correzioni/studio2/fase03/harness/test_d9_corrections.py", line 50, in test_01_whitespace_sentinels_prevent_client_and_intents
    self.no_effect(self.t.producer, 'missing service metadata: weights_revision')
    ~~~~~~~~~~~~~~^^^^^^^^^^^^^^^^^^^^^^^^^^^^^^^^^^^^^^^^^^^^^^^^^^^^^^^^^^^^^^^
  File "/Users/luker/fot-tep-harness-d9-correzioni/studio2/fase03/harness/test_d9_corrections.py", line 36, in no_effect
    with self.assertRaisesRegex(HarnessError, pattern):
         ~~~~~~~~~~~~~~~~~~~~~~^^^^^^^^^^^^^^^^^^^^^^^
AssertionError: "missing service metadata: weights_revision" does not match "D9: 122B documentation bytes changed"

======================================================================
FAIL: test_01_whitespace_sentinels_prevent_client_and_intents (__main__.D9Corrections.test_01_whitespace_sentinels_prevent_client_and_intents) (role='122B', value='\xa0UnDeCiDeD\xa0')
----------------------------------------------------------------------
studio2.fase03.harness.common.HarnessError: D9: 122B documentation bytes changed

During handling of the above exception, another exception occurred:

Traceback (most recent call last):
  File "/Users/luker/fot-tep-harness-d9-correzioni/studio2/fase03/harness/test_d9_corrections.py", line 50, in test_01_whitespace_sentinels_prevent_client_and_intents
    self.no_effect(self.t.producer, 'missing service metadata: weights_revision')
    ~~~~~~~~~~~~~~^^^^^^^^^^^^^^^^^^^^^^^^^^^^^^^^^^^^^^^^^^^^^^^^^^^^^^^^^^^^^^^
  File "/Users/luker/fot-tep-harness-d9-correzioni/studio2/fase03/harness/test_d9_corrections.py", line 36, in no_effect
    with self.assertRaisesRegex(HarnessError, pattern):
         ~~~~~~~~~~~~~~~~~~~~~~^^^^^^^^^^^^^^^^^^^^^^^
AssertionError: "missing service metadata: weights_revision" does not match "D9: 122B documentation bytes changed"

======================================================================
FAIL: test_01_whitespace_sentinels_prevent_client_and_intents (__main__.D9Corrections.test_01_whitespace_sentinels_prevent_client_and_intents) (role='27B', value=' PENDING ')
----------------------------------------------------------------------
studio2.fase03.harness.common.HarnessError: D9: 122B documentation bytes changed

During handling of the above exception, another exception occurred:

Traceback (most recent call last):
  File "/Users/luker/fot-tep-harness-d9-correzioni/studio2/fase03/harness/test_d9_corrections.py", line 50, in test_01_whitespace_sentinels_prevent_client_and_intents
    self.no_effect(self.t.producer, 'missing service metadata: weights_revision')
    ~~~~~~~~~~~~~~^^^^^^^^^^^^^^^^^^^^^^^^^^^^^^^^^^^^^^^^^^^^^^^^^^^^^^^^^^^^^^^
  File "/Users/luker/fot-tep-harness-d9-correzioni/studio2/fase03/harness/test_d9_corrections.py", line 36, in no_effect
    with self.assertRaisesRegex(HarnessError, pattern):
         ~~~~~~~~~~~~~~~~~~~~~~^^^^^^^^^^^^^^^^^^^^^^^
AssertionError: "missing service metadata: weights_revision" does not match "D9: 122B documentation bytes changed"

======================================================================
FAIL: test_01_whitespace_sentinels_prevent_client_and_intents (__main__.D9Corrections.test_01_whitespace_sentinels_prevent_client_and_intents) (role='27B', value='\tunknown\n')
----------------------------------------------------------------------
studio2.fase03.harness.common.HarnessError: D9: 122B documentation bytes changed

During handling of the above exception, another exception occurred:

Traceback (most recent call last):
  File "/Users/luker/fot-tep-harness-d9-correzioni/studio2/fase03/harness/test_d9_corrections.py", line 50, in test_01_whitespace_sentinels_prevent_client_and_intents
    self.no_effect(self.t.producer, 'missing service metadata: weights_revision')
    ~~~~~~~~~~~~~~^^^^^^^^^^^^^^^^^^^^^^^^^^^^^^^^^^^^^^^^^^^^^^^^^^^^^^^^^^^^^^^
  File "/Users/luker/fot-tep-harness-d9-correzioni/studio2/fase03/harness/test_d9_corrections.py", line 36, in no_effect
    with self.assertRaisesRegex(HarnessError, pattern):
         ~~~~~~~~~~~~~~~~~~~~~~^^^^^^^^^^^^^^^^^^^^^^^
AssertionError: "missing service metadata: weights_revision" does not match "D9: 122B documentation bytes changed"

======================================================================
FAIL: test_01_whitespace_sentinels_prevent_client_and_intents (__main__.D9Corrections.test_01_whitespace_sentinels_prevent_client_and_intents) (role='27B', value='\xa0UnDeCiDeD\xa0')
----------------------------------------------------------------------
studio2.fase03.harness.common.HarnessError: D9: 122B documentation bytes changed

During handling of the above exception, another exception occurred:

Traceback (most recent call last):
  File "/Users/luker/fot-tep-harness-d9-correzioni/studio2/fase03/harness/test_d9_corrections.py", line 50, in test_01_whitespace_sentinels_prevent_client_and_intents
    self.no_effect(self.t.producer, 'missing service metadata: weights_revision')
    ~~~~~~~~~~~~~~^^^^^^^^^^^^^^^^^^^^^^^^^^^^^^^^^^^^^^^^^^^^^^^^^^^^^^^^^^^^^^^
  File "/Users/luker/fot-tep-harness-d9-correzioni/studio2/fase03/harness/test_d9_corrections.py", line 36, in no_effect
    with self.assertRaisesRegex(HarnessError, pattern):
         ~~~~~~~~~~~~~~~~~~~~~~^^^^^^^^^^^^^^^^^^^^^^^
AssertionError: "missing service metadata: weights_revision" does not match "D9: 122B documentation bytes changed"

======================================================================
FAIL: test_04_missing_or_changed_files_direct_and_restart (__main__.D9Corrections.test_04_missing_or_changed_files_direct_and_restart) (snapshot='tmpbk8qhl7e', file='tokenizer.json', mutation='missing', restart=False)
----------------------------------------------------------------------
Traceback (most recent call last):
  File "/Users/luker/fot-tep-harness-d9-correzioni/studio2/fase03/harness/test_d9_corrections.py", line 97, in test_04_missing_or_changed_files_direct_and_restart
    try: self.no_effect(lambda: self.reserve(b, ledger))
         ~~~~~~~~~~~~~~^^^^^^^^^^^^^^^^^^^^^^^^^^^^^^^^^
  File "/Users/luker/fot-tep-harness-d9-correzioni/studio2/fase03/harness/test_d9_corrections.py", line 36, in no_effect
    with self.assertRaisesRegex(HarnessError, pattern):
         ~~~~~~~~~~~~~~~~~~~~~~^^^^^^^^^^^^^^^^^^^^^^^
AssertionError: HarnessError not raised

======================================================================
FAIL: test_04_missing_or_changed_files_direct_and_restart (__main__.D9Corrections.test_04_missing_or_changed_files_direct_and_restart) (snapshot='tmpbk8qhl7e', file='tokenizer.json', mutation='missing', restart=True)
----------------------------------------------------------------------
studio2.fase03.harness.common.HarnessError: duplicate or out-of-order logical base

During handling of the above exception, another exception occurred:

Traceback (most recent call last):
  File "/Users/luker/fot-tep-harness-d9-correzioni/studio2/fase03/harness/test_d9_corrections.py", line 97, in test_04_missing_or_changed_files_direct_and_restart
    try: self.no_effect(lambda: self.reserve(b, ledger))
         ~~~~~~~~~~~~~~^^^^^^^^^^^^^^^^^^^^^^^^^^^^^^^^^
  File "/Users/luker/fot-tep-harness-d9-correzioni/studio2/fase03/harness/test_d9_corrections.py", line 36, in no_effect
    with self.assertRaisesRegex(HarnessError, pattern):
         ~~~~~~~~~~~~~~~~~~~~~~^^^^^^^^^^^^^^^^^^^^^^^
AssertionError: "tokenizer|chat template" does not match "duplicate or out-of-order logical base"

======================================================================
FAIL: test_04_missing_or_changed_files_direct_and_restart (__main__.D9Corrections.test_04_missing_or_changed_files_direct_and_restart) (snapshot='tmpbk8qhl7e', file='tokenizer.json', mutation='changed', restart=False)
----------------------------------------------------------------------
studio2.fase03.harness.common.HarnessError: duplicate or out-of-order logical base

During handling of the above exception, another exception occurred:

Traceback (most recent call last):
  File "/Users/luker/fot-tep-harness-d9-correzioni/studio2/fase03/harness/test_d9_corrections.py", line 97, in test_04_missing_or_changed_files_direct_and_restart
    try: self.no_effect(lambda: self.reserve(b, ledger))
         ~~~~~~~~~~~~~~^^^^^^^^^^^^^^^^^^^^^^^^^^^^^^^^^
  File "/Users/luker/fot-tep-harness-d9-correzioni/studio2/fase03/harness/test_d9_corrections.py", line 36, in no_effect
    with self.assertRaisesRegex(HarnessError, pattern):
         ~~~~~~~~~~~~~~~~~~~~~~^^^^^^^^^^^^^^^^^^^^^^^
AssertionError: "tokenizer|chat template" does not match "duplicate or out-of-order logical base"

======================================================================
FAIL: test_04_missing_or_changed_files_direct_and_restart (__main__.D9Corrections.test_04_missing_or_changed_files_direct_and_restart) (snapshot='tmpbk8qhl7e', file='tokenizer.json', mutation='changed', restart=True)
----------------------------------------------------------------------
studio2.fase03.harness.common.HarnessError: duplicate or out-of-order logical base

During handling of the above exception, another exception occurred:

Traceback (most recent call last):
  File "/Users/luker/fot-tep-harness-d9-correzioni/studio2/fase03/harness/test_d9_corrections.py", line 97, in test_04_missing_or_changed_files_direct_and_restart
    try: self.no_effect(lambda: self.reserve(b, ledger))
         ~~~~~~~~~~~~~~^^^^^^^^^^^^^^^^^^^^^^^^^^^^^^^^^
  File "/Users/luker/fot-tep-harness-d9-correzioni/studio2/fase03/harness/test_d9_corrections.py", line 36, in no_effect
    with self.assertRaisesRegex(HarnessError, pattern):
         ~~~~~~~~~~~~~~~~~~~~~~^^^^^^^^^^^^^^^^^^^^^^^
AssertionError: "tokenizer|chat template" does not match "duplicate or out-of-order logical base"

======================================================================
FAIL: test_04_missing_or_changed_files_direct_and_restart (__main__.D9Corrections.test_04_missing_or_changed_files_direct_and_restart) (snapshot='tmpbk8qhl7e', file='tokenizer_config.json', mutation='missing', restart=False)
----------------------------------------------------------------------
studio2.fase03.harness.common.HarnessError: duplicate or out-of-order logical base

During handling of the above exception, another exception occurred:

Traceback (most recent call last):
  File "/Users/luker/fot-tep-harness-d9-correzioni/studio2/fase03/harness/test_d9_corrections.py", line 97, in test_04_missing_or_changed_files_direct_and_restart
    try: self.no_effect(lambda: self.reserve(b, ledger))
         ~~~~~~~~~~~~~~^^^^^^^^^^^^^^^^^^^^^^^^^^^^^^^^^
  File "/Users/luker/fot-tep-harness-d9-correzioni/studio2/fase03/harness/test_d9_corrections.py", line 36, in no_effect
    with self.assertRaisesRegex(HarnessError, pattern):
         ~~~~~~~~~~~~~~~~~~~~~~^^^^^^^^^^^^^^^^^^^^^^^
AssertionError: "tokenizer|chat template" does not match "duplicate or out-of-order logical base"

======================================================================
FAIL: test_04_missing_or_changed_files_direct_and_restart (__main__.D9Corrections.test_04_missing_or_changed_files_direct_and_restart) (snapshot='tmpbk8qhl7e', file='tokenizer_config.json', mutation='missing', restart=True)
----------------------------------------------------------------------
studio2.fase03.harness.common.HarnessError: duplicate or out-of-order logical base

During handling of the above exception, another exception occurred:

Traceback (most recent call last):
  File "/Users/luker/fot-tep-harness-d9-correzioni/studio2/fase03/harness/test_d9_corrections.py", line 97, in test_04_missing_or_changed_files_direct_and_restart
    try: self.no_effect(lambda: self.reserve(b, ledger))
         ~~~~~~~~~~~~~~^^^^^^^^^^^^^^^^^^^^^^^^^^^^^^^^^
  File "/Users/luker/fot-tep-harness-d9-correzioni/studio2/fase03/harness/test_d9_corrections.py", line 36, in no_effect
    with self.assertRaisesRegex(HarnessError, pattern):
         ~~~~~~~~~~~~~~~~~~~~~~^^^^^^^^^^^^^^^^^^^^^^^
AssertionError: "tokenizer|chat template" does not match "duplicate or out-of-order logical base"

======================================================================
FAIL: test_04_missing_or_changed_files_direct_and_restart (__main__.D9Corrections.test_04_missing_or_changed_files_direct_and_restart) (snapshot='tmpbk8qhl7e', file='tokenizer_config.json', mutation='changed', restart=False)
----------------------------------------------------------------------
studio2.fase03.harness.common.HarnessError: duplicate or out-of-order logical base

During handling of the above exception, another exception occurred:

Traceback (most recent call last):
  File "/Users/luker/fot-tep-harness-d9-correzioni/studio2/fase03/harness/test_d9_corrections.py", line 97, in test_04_missing_or_changed_files_direct_and_restart
    try: self.no_effect(lambda: self.reserve(b, ledger))
         ~~~~~~~~~~~~~~^^^^^^^^^^^^^^^^^^^^^^^^^^^^^^^^^
  File "/Users/luker/fot-tep-harness-d9-correzioni/studio2/fase03/harness/test_d9_corrections.py", line 36, in no_effect
    with self.assertRaisesRegex(HarnessError, pattern):
         ~~~~~~~~~~~~~~~~~~~~~~^^^^^^^^^^^^^^^^^^^^^^^
AssertionError: "tokenizer|chat template" does not match "duplicate or out-of-order logical base"

======================================================================
FAIL: test_04_missing_or_changed_files_direct_and_restart (__main__.D9Corrections.test_04_missing_or_changed_files_direct_and_restart) (snapshot='tmpbk8qhl7e', file='tokenizer_config.json', mutation='changed', restart=True)
----------------------------------------------------------------------
studio2.fase03.harness.common.HarnessError: duplicate or out-of-order logical base

During handling of the above exception, another exception occurred:

Traceback (most recent call last):
  File "/Users/luker/fot-tep-harness-d9-correzioni/studio2/fase03/harness/test_d9_corrections.py", line 97, in test_04_missing_or_changed_files_direct_and_restart
    try: self.no_effect(lambda: self.reserve(b, ledger))
         ~~~~~~~~~~~~~~^^^^^^^^^^^^^^^^^^^^^^^^^^^^^^^^^
  File "/Users/luker/fot-tep-harness-d9-correzioni/studio2/fase03/harness/test_d9_corrections.py", line 36, in no_effect
    with self.assertRaisesRegex(HarnessError, pattern):
         ~~~~~~~~~~~~~~~~~~~~~~^^^^^^^^^^^^^^^^^^^^^^^
AssertionError: "tokenizer|chat template" does not match "duplicate or out-of-order logical base"

======================================================================
FAIL: test_05_success_then_new_fault_same_instance (__main__.D9Corrections.test_05_success_then_new_fault_same_instance)
----------------------------------------------------------------------
Traceback (most recent call last):
  File "/Users/luker/fot-tep-harness-d9-correzioni/studio2/fase03/harness/test_d9_corrections.py", line 104, in test_05_success_then_new_fault_same_instance
    self.no_effect(lambda: self.t.ledger.reserve_request(request_id='second',
    ~~~~~~~~~~~~~~^^^^^^^^^^^^^^^^^^^^^^^^^^^^^^^^^^^^^^^^^^^^^^^^^^^^^^^^^^^
        logical_id=spec['logical_id'], model=spec['model'], producer=spec['producer'],
        ^^^^^^^^^^^^^^^^^^^^^^^^^^^^^^^^^^^^^^^^^^^^^^^^^^^^^^^^^^^^^^^^^^^^^^^^^^^^^^
        stage='budget_probe', stage_run=digest(b)))
        ^^^^^^^^^^^^^^^^^^^^^^^^^^^^^^^^^^^^^^^^^^^
  File "/Users/luker/fot-tep-harness-d9-correzioni/studio2/fase03/harness/test_d9_corrections.py", line 36, in no_effect
    with self.assertRaisesRegex(HarnessError, pattern):
         ~~~~~~~~~~~~~~~~~~~~~~^^^^^^^^^^^^^^^^^^^^^^^
AssertionError: HarnessError not raised

======================================================================
FAIL: test_06_rebind_and_binding_reuse_require_current_files (__main__.D9Corrections.test_06_rebind_and_binding_reuse_require_current_files)
----------------------------------------------------------------------
Traceback (most recent call last):
  File "/Users/luker/fot-tep-harness-d9-correzioni/studio2/fase03/harness/test_d9_corrections.py", line 110, in test_06_rebind_and_binding_reuse_require_current_files
    self.no_effect(lambda: self.t.ledger.bind_stage('budget_probe', b))
    ~~~~~~~~~~~~~~^^^^^^^^^^^^^^^^^^^^^^^^^^^^^^^^^^^^^^^^^^^^^^^^^^^^^
  File "/Users/luker/fot-tep-harness-d9-correzioni/studio2/fase03/harness/test_d9_corrections.py", line 36, in no_effect
    with self.assertRaisesRegex(HarnessError, pattern):
         ~~~~~~~~~~~~~~~~~~~~~~^^^^^^^^^^^^^^^^^^^^^^^
AssertionError: HarnessError not raised

======================================================================
FAIL: test_07_execute_request_no_transport_or_journal_after_loss (__main__.D9Corrections.test_07_execute_request_no_transport_or_journal_after_loss)
----------------------------------------------------------------------
studio2.fase03.harness.common.HarnessError: expected returned model is missing

During handling of the above exception, another exception occurred:

Traceback (most recent call last):
  File "/Users/luker/fot-tep-harness-d9-correzioni/studio2/fase03/harness/test_d9_corrections.py", line 115, in test_07_execute_request_no_transport_or_journal_after_loss
    self.no_effect(lambda: execute_request(ledger=self.t.ledger, stage='budget_probe',
    ~~~~~~~~~~~~~~^^^^^^^^^^^^^^^^^^^^^^^^^^^^^^^^^^^^^^^^^^^^^^^^^^^^^^^^^^^^^^^^^^^^
        spec=b['requests'][0], transport=lambda: sent.append('SENT'), evaluate=lambda raw: {},
        ^^^^^^^^^^^^^^^^^^^^^^^^^^^^^^^^^^^^^^^^^^^^^^^^^^^^^^^^^^^^^^^^^^^^^^^^^^^^^^^^^^^^^^
        expected_identity={}, journal_path=self.t.results/'new-journal.jsonl'))
        ^^^^^^^^^^^^^^^^^^^^^^^^^^^^^^^^^^^^^^^^^^^^^^^^^^^^^^^^^^^^^^^^^^^^^^^
  File "/Users/luker/fot-tep-harness-d9-correzioni/studio2/fase03/harness/test_d9_corrections.py", line 36, in no_effect
    with self.assertRaisesRegex(HarnessError, pattern):
         ~~~~~~~~~~~~~~~~~~~~~~^^^^^^^^^^^^^^^^^^^^^^^
AssertionError: "tokenizer|chat template" does not match "expected returned model is missing"

======================================================================
FAIL: test_08_closed_producer_reuse_requires_recoverable_tokenizer (__main__.D9Corrections.test_08_closed_producer_reuse_requires_recoverable_tokenizer)
----------------------------------------------------------------------
Traceback (most recent call last):
  File "/Users/luker/fot-tep-harness-d9-correzioni/studio2/fase03/harness/test_d9_corrections.py", line 123, in test_08_closed_producer_reuse_requires_recoverable_tokenizer
    self.no_effect(lambda: self.t.ledger.binding('producer_conformity'))
    ~~~~~~~~~~~~~~^^^^^^^^^^^^^^^^^^^^^^^^^^^^^^^^^^^^^^^^^^^^^^^^^^^^^^
  File "/Users/luker/fot-tep-harness-d9-correzioni/studio2/fase03/harness/test_d9_corrections.py", line 36, in no_effect
    with self.assertRaisesRegex(HarnessError, pattern):
         ~~~~~~~~~~~~~~~~~~~~~~^^^^^^^^^^^^^^^^^^^^^^^
AssertionError: HarnessError not raised

======================================================================
FAIL: test_09_missing_service_snapshot_binding_fails_closed (__main__.D9Corrections.test_09_missing_service_snapshot_binding_fails_closed)
----------------------------------------------------------------------
Traceback (most recent call last):
  File "/Users/luker/fot-tep-harness-d9-correzioni/studio2/fase03/harness/test_d9_corrections.py", line 129, in test_09_missing_service_snapshot_binding_fails_closed
    self.no_effect(lambda: self.t.ledger.bind_stage('budget_probe', b), 'tokenizer')
    ~~~~~~~~~~~~~~^^^^^^^^^^^^^^^^^^^^^^^^^^^^^^^^^^^^^^^^^^^^^^^^^^^^^^^^^^^^^^^^^^
  File "/Users/luker/fot-tep-harness-d9-correzioni/studio2/fase03/harness/test_d9_corrections.py", line 36, in no_effect
    with self.assertRaisesRegex(HarnessError, pattern):
         ~~~~~~~~~~~~~~~~~~~~~~^^^^^^^^^^^^^^^^^^^^^^^
AssertionError: HarnessError not raised

======================================================================
FAIL: test_10_alternate_producer_reuse_checks_its_chat_snapshot (__main__.D9Corrections.test_10_alternate_producer_reuse_checks_its_chat_snapshot)
----------------------------------------------------------------------
Traceback (most recent call last):
  File "/Users/luker/fot-tep-harness-d9-correzioni/studio2/fase03/harness/test_d9_corrections.py", line 135, in test_10_alternate_producer_reuse_checks_its_chat_snapshot
    self.no_effect(lambda: self.t.ledger.binding('alternate_conformity'))
    ~~~~~~~~~~~~~~^^^^^^^^^^^^^^^^^^^^^^^^^^^^^^^^^^^^^^^^^^^^^^^^^^^^^^^
  File "/Users/luker/fot-tep-harness-d9-correzioni/studio2/fase03/harness/test_d9_corrections.py", line 36, in no_effect
    with self.assertRaisesRegex(HarnessError, pattern):
         ~~~~~~~~~~~~~~~~~~~~~~^^^^^^^^^^^^^^^^^^^^^^^
AssertionError: HarnessError not raised

----------------------------------------------------------------------
Ran 10 tests in 11.124s

FAILED (failures=20, errors=1)
