test_missing_canonical_before_tracked_call (__main__.TransportBoundary.test_missing_canonical_before_tracked_call) ... FAIL
test_missing_service_before_tracked_call (__main__.TransportBoundary.test_missing_service_before_tracked_call) ... /opt/anaconda3/lib/python3.13/json/decoder.py:361: ResourceWarning: unclosed database in <sqlite3.Connection object at 0x1039ab970>
  obj, end = self.scan_once(s, idx)
ResourceWarning: Enable tracemalloc to get the object allocation traceback
/opt/anaconda3/lib/python3.13/json/decoder.py:361: ResourceWarning: unclosed database in <sqlite3.Connection object at 0x1023dd210>
  obj, end = self.scan_once(s, idx)
ResourceWarning: Enable tracemalloc to get the object allocation traceback
FAIL
test_positive_real_adapter_fake_sdk (__main__.TransportBoundary.test_positive_real_adapter_fake_sdk) ... /opt/anaconda3/lib/python3.13/json/decoder.py:361: ResourceWarning: unclosed database in <sqlite3.Connection object at 0x1045871f0>
  obj, end = self.scan_once(s, idx)
ResourceWarning: Enable tracemalloc to get the object allocation traceback
/opt/anaconda3/lib/python3.13/json/decoder.py:361: ResourceWarning: unclosed database in <sqlite3.Connection object at 0x103e2e7a0>
  obj, end = self.scan_once(s, idx)
ResourceWarning: Enable tracemalloc to get the object allocation traceback
ok

======================================================================
FAIL: test_missing_canonical_before_tracked_call (__main__.TransportBoundary.test_missing_canonical_before_tracked_call)
----------------------------------------------------------------------
Traceback (most recent call last):
  File "/Users/luker/fot-tep-harness-d9-correzioni/studio2/fase03/harness/d9_corrections/transport_boundary_regression.py", line 45, in test_missing_canonical_before_tracked_call
    def test_missing_canonical_before_tracked_call(self):self.scenario('R4')
                                                         ~~~~~~~~~~~~~^^^^^^
  File "/Users/luker/fot-tep-harness-d9-correzioni/studio2/fase03/harness/d9_corrections/transport_boundary_regression.py", line 37, in scenario
    with self.assertRaisesRegex(HarnessError,'tokenizer'):call()
         ~~~~~~~~~~~~~~~~~~~~~~^^^^^^^^^^^^^^^^^^^^^^^^^^
AssertionError: HarnessError not raised

======================================================================
FAIL: test_missing_service_before_tracked_call (__main__.TransportBoundary.test_missing_service_before_tracked_call)
----------------------------------------------------------------------
Traceback (most recent call last):
  File "/Users/luker/fot-tep-harness-d9-correzioni/studio2/fase03/harness/d9_corrections/transport_boundary_regression.py", line 46, in test_missing_service_before_tracked_call
    def test_missing_service_before_tracked_call(self):self.scenario('chat')
                                                       ~~~~~~~~~~~~~^^^^^^^^
  File "/Users/luker/fot-tep-harness-d9-correzioni/studio2/fase03/harness/d9_corrections/transport_boundary_regression.py", line 37, in scenario
    with self.assertRaisesRegex(HarnessError,'tokenizer'):call()
         ~~~~~~~~~~~~~~~~~~~~~~^^^^^^^^^^^^^^^^^^^^^^^^^^
AssertionError: HarnessError not raised

----------------------------------------------------------------------
Ran 3 tests in 6.340s

FAILED (failures=2)
