test_missing_canonical_before_tracked_call (__main__.TransportBoundary.test_missing_canonical_before_tracked_call) ... ok
test_missing_service_before_tracked_call (__main__.TransportBoundary.test_missing_service_before_tracked_call) ... /opt/anaconda3/lib/python3.13/json/decoder.py:361: ResourceWarning: unclosed database in <sqlite3.Connection object at 0x105e2f6a0>
  obj, end = self.scan_once(s, idx)
ResourceWarning: Enable tracemalloc to get the object allocation traceback
/opt/anaconda3/lib/python3.13/json/decoder.py:361: ResourceWarning: unclosed database in <sqlite3.Connection object at 0x105f795d0>
  obj, end = self.scan_once(s, idx)
ResourceWarning: Enable tracemalloc to get the object allocation traceback
/opt/anaconda3/lib/python3.13/json/decoder.py:361: ResourceWarning: unclosed database in <sqlite3.Connection object at 0x105f79300>
  obj, end = self.scan_once(s, idx)
ResourceWarning: Enable tracemalloc to get the object allocation traceback
ok
test_positive_real_adapter_fake_sdk (__main__.TransportBoundary.test_positive_real_adapter_fake_sdk) ... /opt/anaconda3/lib/python3.13/json/decoder.py:361: ResourceWarning: unclosed database in <sqlite3.Connection object at 0x1066935b0>
  obj, end = self.scan_once(s, idx)
ResourceWarning: Enable tracemalloc to get the object allocation traceback
/opt/anaconda3/lib/python3.13/json/decoder.py:361: ResourceWarning: unclosed database in <sqlite3.Connection object at 0x106dc6a70>
  obj, end = self.scan_once(s, idx)
ResourceWarning: Enable tracemalloc to get the object allocation traceback
/opt/anaconda3/lib/python3.13/json/decoder.py:361: ResourceWarning: unclosed database in <sqlite3.Connection object at 0x106dc67a0>
  obj, end = self.scan_once(s, idx)
ResourceWarning: Enable tracemalloc to get the object allocation traceback
ok

----------------------------------------------------------------------
Ran 3 tests in 6.348s

OK
