test_deterministic_build_and_no_f_numbers (baseline_numerica.test_baseline.BaselineTests.test_deterministic_build_and_no_f_numbers) ... ok
test_end_to_end_three_numbers_and_local_absent_classes (baseline_numerica.test_baseline.BaselineTests.test_end_to_end_three_numbers_and_local_absent_classes) ... ok
test_manifest_tampering_fails_closed (baseline_numerica.test_baseline.BaselineTests.test_manifest_tampering_fails_closed) ... ok
test_tie_abstains (baseline_numerica.test_baseline.BaselineTests.test_tie_abstains) ... ok
test_expected_extractor_hash_is_fixed (baseline_numerica.test_extract_normal_evidence.ExtractNormalEvidenceTests.test_expected_extractor_hash_is_fixed) ... ok
test_extractor_guard_rejects_changed_bytes (baseline_numerica.test_extract_normal_evidence.ExtractNormalEvidenceTests.test_extractor_guard_rejects_changed_bytes) ... ok
test_assignment_streams_and_windows (baseline_numerica.test_normal_dev_plan.NormalDevPlanTests.test_assignment_streams_and_windows) ... ok
test_changed_plan_is_rejected (baseline_numerica.test_normal_dev_plan.NormalDevPlanTests.test_changed_plan_is_rejected) ... ok
test_derived_index_is_not_a_stream_allocation (baseline_numerica.test_normal_dev_plan.NormalDevPlanTests.test_derived_index_is_not_a_stream_allocation) ... ok
test_frozen_csv_and_collision_check (baseline_numerica.test_normal_dev_plan.NormalDevPlanTests.test_frozen_csv_and_collision_check) ... ok
test_hash_guard_rejects_altered_source (evidence.test_evidence.EvidenceTests.test_hash_guard_rejects_altered_source) ... ok
test_leakage_detects_fault_id_mechanism_and_origin (evidence.test_evidence.EvidenceTests.test_leakage_detects_fault_id_mechanism_and_origin) ... ok
test_r2_guard_rejects_noncanonical_file (evidence.test_evidence.EvidenceTests.test_r2_guard_rejects_noncanonical_file) ... ok
test_synthetic_end_to_end_dimension_and_determinism (evidence.test_evidence.EvidenceTests.test_synthetic_end_to_end_dimension_and_determinism) ... ok
test_C01_all_started_alternate_states_block_probe_until_pass (harness.test_c01_c03.AlternatePrecedence.test_C01_all_started_alternate_states_block_probe_until_pass) ... ok
test_C01_alternate_started_after_probe_binding_blocks_reservation (harness.test_c01_c03.AlternatePrecedence.test_C01_alternate_started_after_probe_binding_blocks_reservation) ... ok
test_C01_real_process_race_alternate_binding_and_probe_reservation (harness.test_c01_c03.AlternatePrecedence.test_C01_real_process_race_alternate_binding_and_probe_reservation) ... ok
test_C01_failed_alternate_blocks_cli_probe_without_consumer_sends (harness.test_c01_c03.RunnerCorrections.test_C01_failed_alternate_blocks_cli_probe_without_consumer_sends) ... ok
test_C02_N48_single_timeout_is_119_of_120_and_replays_without_sends (harness.test_c01_c03.RunnerCorrections.test_C02_N48_single_timeout_is_119_of_120_and_replays_without_sends) ... ok
test_C02_cli_all_timeouts_are_120_invalid_first_attempts (harness.test_c01_c03.RunnerCorrections.test_C02_cli_all_timeouts_are_120_invalid_first_attempts) ... ok
test_C02_crash_INTENT_blocks_until_proof_then_enters_T3_without_retry (harness.test_c01_c03.RunnerCorrections.test_C02_crash_INTENT_blocks_until_proof_then_enters_T3_without_retry) ... ok
test_C02_failure_event_and_status_are_atomic_and_resume_after_journal_crash (harness.test_c01_c03.RunnerCorrections.test_C02_failure_event_and_status_are_atomic_and_resume_after_journal_crash) ... ok
test_C02_real_process_death_after_failure_commit_and_new_process_resume (harness.test_c01_c03.RunnerCorrections.test_C02_real_process_death_after_failure_commit_and_new_process_resume) ... ok
test_C02_response_identity_mismatch_cannot_be_masked_as_transport (harness.test_c01_c03.RunnerCorrections.test_C02_response_identity_mismatch_cannot_be_masked_as_transport) ... ok
test_C02_seven_scattered_timeouts_fail_T3 (harness.test_c01_c03.RunnerCorrections.test_C02_seven_scattered_timeouts_fail_T3) ... ok
test_C02_three_timeouts_same_prompt_make_T6_unevaluable (harness.test_c01_c03.RunnerCorrections.test_C02_three_timeouts_same_prompt_make_T6_unevaluable) ... ok
test_C02_transport_event_tamper_or_unobserved_FAILURE_cannot_pass (harness.test_c01_c03.RunnerCorrections.test_C02_transport_event_tamper_or_unobserved_FAILURE_cannot_pass) ... ok
test_C03_retry_summary_counts_attempts_separately_and_survives_restart (harness.test_c01_c03.RunnerCorrections.test_C03_retry_summary_counts_attempts_separately_and_survives_restart) ... ok
test_D01_confirmation_transaction_excludes_concurrent_writer (harness.test_d01_replay.ReplayPrerequisites.test_D01_confirmation_transaction_excludes_concurrent_writer) ... ok
test_D01_current_remediation_and_C02_invalidity_survive_checked_replay (harness.test_d01_replay.ReplayPrerequisites.test_D01_current_remediation_and_C02_invalidity_survive_checked_replay) ... ok
test_D01_legacy_nonpass_alternate_rejected_by_all_confirmation_entries (harness.test_d01_replay.ReplayPrerequisites.test_D01_legacy_nonpass_alternate_rejected_by_all_confirmation_entries) ... ok
test_D01_matching_outcome_hash_does_not_skip_durable_record_validation (harness.test_d01_replay.ReplayPrerequisites.test_D01_matching_outcome_hash_does_not_skip_durable_record_validation) ... ok
test_D01_real_legacy_runner_and_cli_refuse_before_server_or_file_writes (harness.test_d01_replay.ReplayPrerequisites.test_D01_real_legacy_runner_and_cli_refuse_before_server_or_file_writes) ... ok
test_D01_valid_legacy_chain_replays_after_gate_without_reopening (harness.test_d01_replay.ReplayPrerequisites.test_D01_valid_legacy_chain_replays_after_gate_without_reopening) ... ok
test_D01_valid_real_legacy_gate_rematerializes_without_transport (harness.test_d01_replay.ReplayPrerequisites.test_D01_valid_real_legacy_gate_rematerializes_without_transport) ... ok
test_114_valid_pass_t3_but_113_does_not (harness.test_harness_offline.GateRuleContractTests.test_114_valid_pass_t3_but_113_does_not) ... ok
test_all_invalid_triplet_makes_t6_not_evaluable (harness.test_harness_offline.GateRuleContractTests.test_all_invalid_triplet_makes_t6_not_evaluable) ... ok
test_forensic_differences_do_not_change_semantic_signature (harness.test_harness_offline.GateRuleContractTests.test_forensic_differences_do_not_change_semantic_signature) ... ok
test_length_truncation_fails_t4_separately (harness.test_harness_offline.GateRuleContractTests.test_length_truncation_fails_t4_separately) ... ok
test_mixed_validity_is_divergence_not_automatic_no_go (harness.test_harness_offline.GateRuleContractTests.test_mixed_validity_is_divergence_not_automatic_no_go) ... ok
test_gate_is_not_repeatable_and_has_no_retry (harness.test_harness_offline.LedgerContractTests.test_gate_is_not_repeatable_and_has_no_retry) ... ok
test_intent_survives_restart_and_directory_change (harness.test_harness_offline.LedgerContractTests.test_intent_survives_restart_and_directory_change) ... ok
test_probe_triplet_retry_is_atomic_and_capped (harness.test_harness_offline.LedgerContractTests.test_probe_triplet_retry_is_atomic_and_capped) ... ok
test_remediation_limits_and_stage_order (harness.test_harness_offline.LedgerContractTests.test_remediation_limits_and_stage_order) ... ok
test_timeout_without_zero_token_proof_never_retries (harness.test_harness_offline.LedgerContractTests.test_timeout_without_zero_token_proof_never_retries) ... ok
test_two_writers_cannot_duplicate_one_logical_attempt (harness.test_harness_offline.LedgerContractTests.test_two_writers_cannot_duplicate_one_logical_attempt) ... ok
test_zero_token_proof_allows_only_documented_transport (harness.test_harness_offline.LedgerContractTests.test_zero_token_proof_allows_only_documented_transport) ... ok
test_zero_token_remediation_retry_counts_as_transport (harness.test_harness_offline.LedgerContractTests.test_zero_token_remediation_retry_counts_as_transport) ... ok
test_plan_reports_rev10_without_claiming_d9_or_time (harness.test_harness_offline.PlanOnlyTests.test_plan_reports_rev10_without_claiming_d9_or_time) ... ok
test_execution_never_defaults_to_historical_model (harness.test_harness_offline.R4AndInputContractTests.test_execution_never_defaults_to_historical_model) ... ok
test_missing_normal_or_extra_missing_dependency_is_rejected (harness.test_harness_offline.R4AndInputContractTests.test_missing_normal_or_extra_missing_dependency_is_rejected) ... ok
test_presentation_order_does_not_mutate_canonical_label_space (harness.test_harness_offline.R4AndInputContractTests.test_presentation_order_does_not_mutate_canonical_label_space) ... ok
test_published_r4_pin_and_literal_normal_context (harness.test_harness_offline.R4AndInputContractTests.test_published_r4_pin_and_literal_normal_context) ... ok
test_real_inventory_connects_inputs_without_inventing_library (harness.test_harness_offline.R4AndInputContractTests.test_real_inventory_connects_inputs_without_inventing_library) ... ok
test_schema_byte_incompatibility_fails_closed (harness.test_harness_offline.R4AndInputContractTests.test_schema_byte_incompatibility_fails_closed) ... ok
test_baseline_metric_adapter_all_abstained_and_empty (harness.test_metric_raccordo.MetricTests.test_baseline_metric_adapter_all_abstained_and_empty) ... ok
test_baseline_metric_adapter_rejects_invalid_or_inconsistent_source (harness.test_metric_raccordo.MetricTests.test_baseline_metric_adapter_rejects_invalid_or_inconsistent_source) ... ok
test_baseline_metric_adapter_renames_without_numeric_changes (harness.test_metric_raccordo.MetricTests.test_baseline_metric_adapter_renames_without_numeric_changes) ... ok
test_cluster_bootstrap_and_tests (harness.test_metric_raccordo.MetricTests.test_cluster_bootstrap_and_tests) ... ok
test_divergence_ignores_raw_only_difference (harness.test_metric_raccordo.MetricTests.test_divergence_ignores_raw_only_difference) ... ok
test_load_baseline_metrics_adapts_every_consumer_leaf (harness.test_metric_raccordo.MetricTests.test_load_baseline_metrics_adapts_every_consumer_leaf) ... ok
test_three_numbers_empty_and_all_valid_abstained_edges (harness.test_metric_raccordo.MetricTests.test_three_numbers_empty_and_all_valid_abstained_edges) ... ok
test_three_numbers_keep_invalid_in_nonabstained_denominator (harness.test_metric_raccordo.MetricTests.test_three_numbers_keep_invalid_in_nonabstained_denominator) ... ok
test_three_numbers_never_turns_invalid_into_abstention_or_correct (harness.test_metric_raccordo.MetricTests.test_three_numbers_never_turns_invalid_into_abstention_or_correct) ... ok
test_R10_repetition_condition_hash_uniqueness_and_distribution (harness.test_revisions.GateRevisions.test_R10_repetition_condition_hash_uniqueness_and_distribution) ... ok
test_R04_closed_stage_cannot_reopen_retry (harness.test_revisions.LedgerRevisions.test_R04_closed_stage_cannot_reopen_retry) ... ok
test_R04_failed_and_zero_token_cannot_pass (harness.test_revisions.LedgerRevisions.test_R04_failed_and_zero_token_cannot_pass) ... ok
test_R04_outcome_atomic_with_real_concurrent_writer (harness.test_revisions.LedgerRevisions.test_R04_outcome_atomic_with_real_concurrent_writer) ... ok
test_R04_public_normative_event_forbidden (harness.test_revisions.LedgerRevisions.test_R04_public_normative_event_forbidden) ... ok
test_R05_changed_alias_run_pilot_id_and_duplicate_original (harness.test_revisions.LedgerRevisions.test_R05_changed_alias_run_pilot_id_and_duplicate_original) ... ok
test_R05_triplet_cannot_reuse_original_or_mix_budget (harness.test_revisions.LedgerRevisions.test_R05_triplet_cannot_reuse_original_or_mix_budget) ... ok
test_R05_two_processes_reserve_one_original_once (harness.test_revisions.LedgerRevisions.test_R05_two_processes_reserve_one_original_once) ... ok
test_R06_same_case_cannot_replace_eight_and_non_template_contracts_immutable (harness.test_revisions.LedgerRevisions.test_R06_same_case_cannot_replace_eight_and_non_template_contracts_immutable) ... ok
test_R06_timeout_and_missing_concrete_approval_cannot_remediate (harness.test_revisions.LedgerRevisions.test_R06_timeout_and_missing_concrete_approval_cannot_remediate) ... ok
test_R07_legacy_ledger_is_preserved_not_reset (harness.test_revisions.LedgerRevisions.test_R07_legacy_ledger_is_preserved_not_reset) ... ok
test_R07_real_crashes_intent_raw_and_completed_restart (harness.test_revisions.LedgerRevisions.test_R07_real_crashes_intent_raw_and_completed_restart) ... ok
test_R07_reconciliation_requires_matching_evidence_preserves_counts (harness.test_revisions.LedgerRevisions.test_R07_reconciliation_requires_matching_evidence_preserves_counts) ... ok
test_R08_arbitrary_freeze_is_not_authenticated (harness.test_revisions.LedgerRevisions.test_R08_arbitrary_freeze_is_not_authenticated) ... ok
test_hard_200_on_explicit_imported_fixture (harness.test_revisions.LedgerRevisions.test_hard_200_on_explicit_imported_fixture) ... ok
test_reserve_15_waiver_and_maxima_152_160 (harness.test_revisions.LedgerRevisions.test_reserve_15_waiver_and_maxima_152_160) ... ok
test_R01_CLI_with_transport_stub_rejects_historical_preflight (harness.test_revisions.RunnerRevisions.test_R01_CLI_with_transport_stub_rejects_historical_preflight) ... ok
test_R01_changed_ledger_directory_cannot_reset_pilot (harness.test_revisions.RunnerRevisions.test_R01_changed_ledger_directory_cannot_reset_pilot) ... ok
test_R01_undecided_and_suspended_all_entries_zero_sends (harness.test_revisions.RunnerRevisions.test_R01_undecided_and_suspended_all_entries_zero_sends) ... ok
test_R02_dependency_failure_is_pretransport_and_not_prompt_diagnosis (harness.test_revisions.RunnerRevisions.test_R02_dependency_failure_is_pretransport_and_not_prompt_diagnosis) ... ok
test_R02_frozen_037_and_evidence_json_tamper (harness.test_revisions.RunnerRevisions.test_R02_frozen_037_and_evidence_json_tamper) ... ok
test_R02_handoff_cannot_self_certify_or_change_library (harness.test_revisions.RunnerRevisions.test_R02_handoff_cannot_self_certify_or_change_library) ... ok
test_R02_inventory_tamper_r4_and_tokenizer_zero_sends (harness.test_revisions.RunnerRevisions.test_R02_inventory_tamper_r4_and_tokenizer_zero_sends) ... ok
test_R02_source_manifest_and_prompt_rehash_cannot_bypass (harness.test_revisions.RunnerRevisions.test_R02_source_manifest_and_prompt_rehash_cannot_bypass) ... ok
test_R03_real_pipeline_labels_preserved_and_pending_rejected (harness.test_revisions.RunnerRevisions.test_R03_real_pipeline_labels_preserved_and_pending_rejected) ... ok
test_R06_real_runner_remediation_approved_bytes_and_old_handoff (harness.test_revisions.RunnerRevisions.test_R06_real_runner_remediation_approved_bytes_and_old_handoff) ... ok
test_R07_cli_successful_producer_and_budget_use_shared_ledger (harness.test_revisions.RunnerRevisions.test_R07_cli_successful_producer_and_budget_use_shared_ledger) ... ok
test_R07_consumer_budget_crash_and_resume_preserve_raw (harness.test_revisions.RunnerRevisions.test_R07_consumer_budget_crash_and_resume_preserve_raw) ... ok
test_R07_gate_crash_retains_raw_and_blocks_uncertain_resume (harness.test_revisions.RunnerRevisions.test_R07_gate_crash_retains_raw_and_blocks_uncertain_resume) ... ok
test_R07_probe_explicit_zero_token_triplet_retry (harness.test_revisions.RunnerRevisions.test_R07_probe_explicit_zero_token_triplet_retry) ... ok
test_R07_producer_and_consumer_real_process_crashes (harness.test_revisions.RunnerRevisions.test_R07_producer_and_consumer_real_process_crashes) ... ok
test_R07_producer_timeout_resume_no_resend_and_explicit_reconciliation (harness.test_revisions.RunnerRevisions.test_R07_producer_timeout_resume_no_resend_and_explicit_reconciliation) ... ok
test_R07_resume_saved_raw_and_closed_artifact_without_new_sends (harness.test_revisions.RunnerRevisions.test_R07_resume_saved_raw_and_closed_artifact_without_new_sends) ... ok
test_R08_frozen_budget_tamper_first_gate_zero_additional_calls (harness.test_revisions.RunnerRevisions.test_R08_frozen_budget_tamper_first_gate_zero_additional_calls) ... ok
test_R09_consumer_identity_change_during_gate_suspends (harness.test_revisions.RunnerRevisions.test_R09_consumer_identity_change_during_gate_suspends) ... ok
test_R09_producer_identity_mismatch_preserves_raw_and_suspends (harness.test_revisions.RunnerRevisions.test_R09_producer_identity_mismatch_preserves_raw_and_suspends) ... ok
test_ordinary_complete_producer_prepare_probe_gate_offline (harness.test_revisions.RunnerRevisions.test_ordinary_complete_producer_prepare_probe_gate_offline) ... ok
test_agents_block_matches_manifest_contract (pseudolabel.test_pseudolabel.AssignmentTests.test_agents_block_matches_manifest_contract) ... ok
test_assignment_follows_digest_order (pseudolabel.test_pseudolabel.AssignmentTests.test_assignment_follows_digest_order) ... ok
test_bijection_agents_faults (pseudolabel.test_pseudolabel.AssignmentTests.test_bijection_agents_faults) ... ok
test_by_identifier_view_is_consistent (pseudolabel.test_pseudolabel.DerangementTests.test_by_identifier_view_is_consistent) ... ok
test_enumeration_count_is_subfactorial_seven (pseudolabel.test_pseudolabel.DerangementTests.test_enumeration_count_is_subfactorial_seven) ... ok
test_log_words_reproduce_indices (pseudolabel.test_pseudolabel.DerangementTests.test_log_words_reproduce_indices) ... ok
test_not_the_one_step_rotation (pseudolabel.test_pseudolabel.DerangementTests.test_not_the_one_step_rotation) ... ok
test_protocol_validator_accepts_artifacts (pseudolabel.test_pseudolabel.DerangementTests.test_protocol_validator_accepts_artifacts) ... ok
test_zero_fixed_points_and_seven_peer_domain (pseudolabel.test_pseudolabel.DerangementTests.test_zero_fixed_points_and_seven_peer_domain) ... ok
test_identifiers_match_frozen_catalog (pseudolabel.test_pseudolabel.LabelTests.test_identifiers_match_frozen_catalog) ... ok
test_label_space_is_sorted_opaque_then_normal (pseudolabel.test_pseudolabel.LabelTests.test_label_space_is_sorted_opaque_then_normal) ... ok
test_nine_unique_labels_equal_length (pseudolabel.test_pseudolabel.LabelTests.test_nine_unique_labels_equal_length) ... ok
test_normal_is_literal_and_last (pseudolabel.test_pseudolabel.LabelTests.test_normal_is_literal_and_last) ... ok
test_opacity_no_correlation_with_catalog_order (pseudolabel.test_pseudolabel.LabelTests.test_opacity_no_correlation_with_catalog_order) ... ok
test_opacity_no_fault_number_substring (pseudolabel.test_pseudolabel.LabelTests.test_opacity_no_fault_number_substring) ... ok
test_regex_of_protocol (pseudolabel.test_pseudolabel.LabelTests.test_regex_of_protocol) ... ok
test_fails_if_catalog_differs (pseudolabel.test_pseudolabel.ReproducibilityTests.test_fails_if_catalog_differs) ... ok
test_generate_is_deterministic (pseudolabel.test_pseudolabel.ReproducibilityTests.test_generate_is_deterministic) ... ok
test_log_declares_namespace_seed_and_counters (pseudolabel.test_pseudolabel.ReproducibilityTests.test_log_declares_namespace_seed_and_counters) ... ok
test_other_seed_changes_derangements_not_labels (pseudolabel.test_pseudolabel.ReproducibilityTests.test_other_seed_changes_derangements_not_labels) ... ok
test_replay_matches_files_on_disk (pseudolabel.test_pseudolabel.ReproducibilityTests.test_replay_matches_files_on_disk) ... ok
test_inventory_is_blocked_and_has_no_calls (tests.test_execution_guard.ExecutionGuardTests.test_inventory_is_blocked_and_has_no_calls) ... ok
test_plan_only_reports_zero_execution_status (tests.test_execution_guard.ExecutionGuardTests.test_plan_only_reports_zero_execution_status) ... ok
test_producer_probe_defaults_to_plan_only (tests.test_execution_guard.ExecutionGuardTests.test_producer_probe_defaults_to_plan_only) ... ok
test_vllm_schema_adapter_preserves_canonical_uniqueness_contract (tests.test_execution_guard.ExecutionGuardTests.test_vllm_schema_adapter_preserves_canonical_uniqueness_contract) ... ok
test_abstention_contract (tests.test_protocol.DiagnosticAndBudgetTests.test_abstention_contract) ... ok
test_batch_encoding_counts_input_ids_not_mapping_keys (tests.test_protocol.DiagnosticAndBudgetTests.test_batch_encoding_counts_input_ids_not_mapping_keys) ... ok
test_context_gate_requires_margin_and_does_not_freeze (tests.test_protocol.DiagnosticAndBudgetTests.test_context_gate_requires_margin_and_does_not_freeze) ... ok
test_d11_is_not_determinism_decision_11 (tests.test_protocol.DiagnosticAndBudgetTests.test_d11_is_not_determinism_decision_11) ... ok
test_diagnostic_contract_rejects_duplicate_insight_ids_locally (tests.test_protocol.DiagnosticAndBudgetTests.test_diagnostic_contract_rejects_duplicate_insight_ids_locally) ... ok
test_e_changes_only_pseudolabel (tests.test_protocol.InsightTests.test_e_changes_only_pseudolabel) ... ok
test_producer_cannot_change_fixed_variable_ids (tests.test_protocol.InsightTests.test_producer_cannot_change_fixed_variable_ids) ... ok
test_producer_narrative_token_cap (tests.test_protocol.InsightTests.test_producer_narrative_token_cap) ... ok
test_final_test_split_is_rejected (tests.test_protocol.ManifestTests.test_final_test_split_is_rejected) ... ok
test_manifest_and_exact_sample_shape (tests.test_protocol.ManifestTests.test_manifest_and_exact_sample_shape) ... ok
test_synthetic_manifest_is_rejected_by_executable_path (tests.test_protocol.ManifestTests.test_synthetic_manifest_is_rejected_by_executable_path) ... ok
test_transfer_cases_cover_catalog_once (tests.test_protocol.ManifestTests.test_transfer_cases_cover_catalog_once) ... ok

----------------------------------------------------------------------
Ran 138 tests in 365.245s

OK

[info] Spearman(catalog order, lexicographic order) = -0.833
