test_deterministic_build_and_no_f_numbers (baseline_numerica.test_baseline.BaselineTests.test_deterministic_build_and_no_f_numbers) ... ok
test_end_to_end_three_numbers_and_local_absent_classes (baseline_numerica.test_baseline.BaselineTests.test_end_to_end_three_numbers_and_local_absent_classes) ... ok
test_manifest_tampering_fails_closed (baseline_numerica.test_baseline.BaselineTests.test_manifest_tampering_fails_closed) ... ok
test_tie_abstains (baseline_numerica.test_baseline.BaselineTests.test_tie_abstains) ... ok
test_expected_extractor_hash_is_fixed (baseline_numerica.test_extract_normal_evidence.ExtractNormalEvidenceTests.test_expected_extractor_hash_is_fixed) ... ok
test_extractor_guard_rejects_changed_bytes (baseline_numerica.test_extract_normal_evidence.ExtractNormalEvidenceTests.test_extractor_guard_rejects_changed_bytes) ... ok
test_assignment_streams_and_windows (baseline_numerica.test_normal_dev_plan.NormalDevPlanTests.test_assignment_streams_and_windows) ... ok
test_changed_plan_is_rejected (baseline_numerica.test_normal_dev_plan.NormalDevPlanTests.test_changed_plan_is_rejected) ... ok
test_derived_index_is_not_a_stream_allocation (baseline_numerica.test_normal_dev_plan.NormalDevPlanTests.test_derived_index_is_not_a_stream_allocation) ... ok
test_frozen_csv_and_collision_check (baseline_numerica.test_normal_dev_plan.NormalDevPlanTests.test_frozen_csv_and_collision_check) ... ok
test_hash_guard_rejects_altered_source (evidence.test_evidence.EvidenceTests.test_hash_guard_rejects_altered_source) ... ok
test_leakage_detects_fault_id_mechanism_and_origin (evidence.test_evidence.EvidenceTests.test_leakage_detects_fault_id_mechanism_and_origin) ... ok
test_r2_guard_rejects_noncanonical_file (evidence.test_evidence.EvidenceTests.test_r2_guard_rejects_noncanonical_file) ... ok
test_synthetic_end_to_end_dimension_and_determinism (evidence.test_evidence.EvidenceTests.test_synthetic_end_to_end_dimension_and_determinism) ... ok
test_114_valid_pass_t3_but_113_does_not (harness.test_harness_offline.GateRuleContractTests.test_114_valid_pass_t3_but_113_does_not) ... ok
test_all_invalid_triplet_makes_t6_not_evaluable (harness.test_harness_offline.GateRuleContractTests.test_all_invalid_triplet_makes_t6_not_evaluable) ... ok
test_forensic_differences_do_not_change_semantic_signature (harness.test_harness_offline.GateRuleContractTests.test_forensic_differences_do_not_change_semantic_signature) ... ok
test_length_truncation_fails_t4_separately (harness.test_harness_offline.GateRuleContractTests.test_length_truncation_fails_t4_separately) ... ok
test_mixed_validity_is_divergence_not_automatic_no_go (harness.test_harness_offline.GateRuleContractTests.test_mixed_validity_is_divergence_not_automatic_no_go) ... ok
test_gate_is_not_repeatable_and_has_no_retry (harness.test_harness_offline.LedgerContractTests.test_gate_is_not_repeatable_and_has_no_retry) ... ok
test_intent_survives_restart_and_directory_change (harness.test_harness_offline.LedgerContractTests.test_intent_survives_restart_and_directory_change) ... ok
test_probe_triplet_retry_is_atomic_and_capped (harness.test_harness_offline.LedgerContractTests.test_probe_triplet_retry_is_atomic_and_capped) ... ok
test_remediation_limits_and_stage_order (harness.test_harness_offline.LedgerContractTests.test_remediation_limits_and_stage_order) ... ok
test_timeout_without_zero_token_proof_never_retries (harness.test_harness_offline.LedgerContractTests.test_timeout_without_zero_token_proof_never_retries) ... ok
test_two_writers_cannot_duplicate_one_logical_attempt (harness.test_harness_offline.LedgerContractTests.test_two_writers_cannot_duplicate_one_logical_attempt) ... ok
test_zero_token_proof_allows_only_documented_transport (harness.test_harness_offline.LedgerContractTests.test_zero_token_proof_allows_only_documented_transport) ... ok
test_zero_token_remediation_retry_counts_as_transport (harness.test_harness_offline.LedgerContractTests.test_zero_token_remediation_retry_counts_as_transport) ... ok
test_plan_reports_rev10_without_claiming_d9_or_time (harness.test_harness_offline.PlanOnlyTests.test_plan_reports_rev10_without_claiming_d9_or_time) ... ok
test_execution_never_defaults_to_historical_model (harness.test_harness_offline.R4AndInputContractTests.test_execution_never_defaults_to_historical_model) ... ok
test_missing_normal_or_extra_missing_dependency_is_rejected (harness.test_harness_offline.R4AndInputContractTests.test_missing_normal_or_extra_missing_dependency_is_rejected) ... ok
test_presentation_order_does_not_mutate_canonical_label_space (harness.test_harness_offline.R4AndInputContractTests.test_presentation_order_does_not_mutate_canonical_label_space) ... ok
test_published_r4_pin_and_literal_normal_context (harness.test_harness_offline.R4AndInputContractTests.test_published_r4_pin_and_literal_normal_context) ... ok
test_real_inventory_connects_inputs_without_inventing_library (harness.test_harness_offline.R4AndInputContractTests.test_real_inventory_connects_inputs_without_inventing_library) ... ok
test_schema_byte_incompatibility_fails_closed (harness.test_harness_offline.R4AndInputContractTests.test_schema_byte_incompatibility_fails_closed) ... ok
test_baseline_metric_adapter_all_abstained_and_empty (harness.test_metric_raccordo.MetricTests.test_baseline_metric_adapter_all_abstained_and_empty) ... ok
test_baseline_metric_adapter_rejects_invalid_or_inconsistent_source (harness.test_metric_raccordo.MetricTests.test_baseline_metric_adapter_rejects_invalid_or_inconsistent_source) ... ok
test_baseline_metric_adapter_renames_without_numeric_changes (harness.test_metric_raccordo.MetricTests.test_baseline_metric_adapter_renames_without_numeric_changes) ... ok
test_cluster_bootstrap_and_tests (harness.test_metric_raccordo.MetricTests.test_cluster_bootstrap_and_tests) ... ok
test_divergence_ignores_raw_only_difference (harness.test_metric_raccordo.MetricTests.test_divergence_ignores_raw_only_difference) ... ok
test_load_baseline_metrics_adapts_every_consumer_leaf (harness.test_metric_raccordo.MetricTests.test_load_baseline_metrics_adapts_every_consumer_leaf) ... ok
test_three_numbers_empty_and_all_valid_abstained_edges (harness.test_metric_raccordo.MetricTests.test_three_numbers_empty_and_all_valid_abstained_edges) ... ok
test_three_numbers_keep_invalid_in_nonabstained_denominator (harness.test_metric_raccordo.MetricTests.test_three_numbers_keep_invalid_in_nonabstained_denominator) ... ok
test_three_numbers_never_turns_invalid_into_abstention_or_correct (harness.test_metric_raccordo.MetricTests.test_three_numbers_never_turns_invalid_into_abstention_or_correct) ... ok
test_agents_block_matches_manifest_contract (pseudolabel.test_pseudolabel.AssignmentTests.test_agents_block_matches_manifest_contract) ... ok
test_assignment_follows_digest_order (pseudolabel.test_pseudolabel.AssignmentTests.test_assignment_follows_digest_order) ... ok
test_bijection_agents_faults (pseudolabel.test_pseudolabel.AssignmentTests.test_bijection_agents_faults) ... ok
test_by_identifier_view_is_consistent (pseudolabel.test_pseudolabel.DerangementTests.test_by_identifier_view_is_consistent) ... ok
test_enumeration_count_is_subfactorial_seven (pseudolabel.test_pseudolabel.DerangementTests.test_enumeration_count_is_subfactorial_seven) ... ok
test_log_words_reproduce_indices (pseudolabel.test_pseudolabel.DerangementTests.test_log_words_reproduce_indices) ... ok
test_not_the_one_step_rotation (pseudolabel.test_pseudolabel.DerangementTests.test_not_the_one_step_rotation) ... ok
test_protocol_validator_accepts_artifacts (pseudolabel.test_pseudolabel.DerangementTests.test_protocol_validator_accepts_artifacts) ... ok
test_zero_fixed_points_and_seven_peer_domain (pseudolabel.test_pseudolabel.DerangementTests.test_zero_fixed_points_and_seven_peer_domain) ... ok
test_identifiers_match_frozen_catalog (pseudolabel.test_pseudolabel.LabelTests.test_identifiers_match_frozen_catalog) ... ok
test_label_space_is_sorted_opaque_then_normal (pseudolabel.test_pseudolabel.LabelTests.test_label_space_is_sorted_opaque_then_normal) ... ok
test_nine_unique_labels_equal_length (pseudolabel.test_pseudolabel.LabelTests.test_nine_unique_labels_equal_length) ... ok
test_normal_is_literal_and_last (pseudolabel.test_pseudolabel.LabelTests.test_normal_is_literal_and_last) ... ok
test_opacity_no_correlation_with_catalog_order (pseudolabel.test_pseudolabel.LabelTests.test_opacity_no_correlation_with_catalog_order) ... ok
test_opacity_no_fault_number_substring (pseudolabel.test_pseudolabel.LabelTests.test_opacity_no_fault_number_substring) ... ok
test_regex_of_protocol (pseudolabel.test_pseudolabel.LabelTests.test_regex_of_protocol) ... ok
test_fails_if_catalog_differs (pseudolabel.test_pseudolabel.ReproducibilityTests.test_fails_if_catalog_differs) ... ok
test_generate_is_deterministic (pseudolabel.test_pseudolabel.ReproducibilityTests.test_generate_is_deterministic) ... ok
test_log_declares_namespace_seed_and_counters (pseudolabel.test_pseudolabel.ReproducibilityTests.test_log_declares_namespace_seed_and_counters) ... ok
test_other_seed_changes_derangements_not_labels (pseudolabel.test_pseudolabel.ReproducibilityTests.test_other_seed_changes_derangements_not_labels) ... ok
test_replay_matches_files_on_disk (pseudolabel.test_pseudolabel.ReproducibilityTests.test_replay_matches_files_on_disk) ... ok
test_inventory_is_blocked_and_has_no_calls (tests.test_execution_guard.ExecutionGuardTests.test_inventory_is_blocked_and_has_no_calls) ... ok
test_plan_only_reports_zero_execution_status (tests.test_execution_guard.ExecutionGuardTests.test_plan_only_reports_zero_execution_status) ... ok
test_producer_probe_defaults_to_plan_only (tests.test_execution_guard.ExecutionGuardTests.test_producer_probe_defaults_to_plan_only) ... ok
test_vllm_schema_adapter_preserves_canonical_uniqueness_contract (tests.test_execution_guard.ExecutionGuardTests.test_vllm_schema_adapter_preserves_canonical_uniqueness_contract) ... ok
test_abstention_contract (tests.test_protocol.DiagnosticAndBudgetTests.test_abstention_contract) ... ok
test_batch_encoding_counts_input_ids_not_mapping_keys (tests.test_protocol.DiagnosticAndBudgetTests.test_batch_encoding_counts_input_ids_not_mapping_keys) ... ok
test_context_gate_requires_margin_and_does_not_freeze (tests.test_protocol.DiagnosticAndBudgetTests.test_context_gate_requires_margin_and_does_not_freeze) ... ok
test_d11_is_not_determinism_decision_11 (tests.test_protocol.DiagnosticAndBudgetTests.test_d11_is_not_determinism_decision_11) ... ok
test_diagnostic_contract_rejects_duplicate_insight_ids_locally (tests.test_protocol.DiagnosticAndBudgetTests.test_diagnostic_contract_rejects_duplicate_insight_ids_locally) ... ok
test_e_changes_only_pseudolabel (tests.test_protocol.InsightTests.test_e_changes_only_pseudolabel) ... ok
test_producer_cannot_change_fixed_variable_ids (tests.test_protocol.InsightTests.test_producer_cannot_change_fixed_variable_ids) ... ok
test_producer_narrative_token_cap (tests.test_protocol.InsightTests.test_producer_narrative_token_cap) ... ok
test_final_test_split_is_rejected (tests.test_protocol.ManifestTests.test_final_test_split_is_rejected) ... ok
test_manifest_and_exact_sample_shape (tests.test_protocol.ManifestTests.test_manifest_and_exact_sample_shape) ... ok
test_synthetic_manifest_is_rejected_by_executable_path (tests.test_protocol.ManifestTests.test_synthetic_manifest_is_rejected_by_executable_path) ... ok
test_transfer_cases_cover_catalog_once (tests.test_protocol.ManifestTests.test_transfer_cases_cover_catalog_once) ... ok

----------------------------------------------------------------------
Ran 80 tests in 2.067s

OK

[info] Spearman(catalog order, lexicographic order) = -0.833
