test_114_valid_pass_t3_but_113_does_not (studio2.fase03.harness.test_harness_offline.GateRuleContractTests.test_114_valid_pass_t3_but_113_does_not) ... ok
test_all_invalid_triplet_makes_t6_not_evaluable (studio2.fase03.harness.test_harness_offline.GateRuleContractTests.test_all_invalid_triplet_makes_t6_not_evaluable) ... ok
test_forensic_differences_do_not_change_semantic_signature (studio2.fase03.harness.test_harness_offline.GateRuleContractTests.test_forensic_differences_do_not_change_semantic_signature) ... ok
test_length_truncation_fails_t4_separately (studio2.fase03.harness.test_harness_offline.GateRuleContractTests.test_length_truncation_fails_t4_separately) ... ok
test_mixed_validity_is_divergence_not_automatic_no_go (studio2.fase03.harness.test_harness_offline.GateRuleContractTests.test_mixed_validity_is_divergence_not_automatic_no_go) ... ok
test_gate_is_not_repeatable_and_has_no_retry (studio2.fase03.harness.test_harness_offline.LedgerContractTests.test_gate_is_not_repeatable_and_has_no_retry) ... ok
test_intent_survives_restart_and_directory_change (studio2.fase03.harness.test_harness_offline.LedgerContractTests.test_intent_survives_restart_and_directory_change) ... ok
test_probe_triplet_retry_is_atomic_and_capped (studio2.fase03.harness.test_harness_offline.LedgerContractTests.test_probe_triplet_retry_is_atomic_and_capped) ... ok
test_remediation_limits_and_stage_order (studio2.fase03.harness.test_harness_offline.LedgerContractTests.test_remediation_limits_and_stage_order) ... ok
test_timeout_without_zero_token_proof_never_retries (studio2.fase03.harness.test_harness_offline.LedgerContractTests.test_timeout_without_zero_token_proof_never_retries) ... ok
test_two_writers_cannot_duplicate_one_logical_attempt (studio2.fase03.harness.test_harness_offline.LedgerContractTests.test_two_writers_cannot_duplicate_one_logical_attempt) ... ok
test_zero_token_proof_allows_only_documented_transport (studio2.fase03.harness.test_harness_offline.LedgerContractTests.test_zero_token_proof_allows_only_documented_transport) ... ok
test_zero_token_remediation_retry_counts_as_transport (studio2.fase03.harness.test_harness_offline.LedgerContractTests.test_zero_token_remediation_retry_counts_as_transport) ... ok
test_plan_reports_rev10_without_claiming_d9_or_time (studio2.fase03.harness.test_harness_offline.PlanOnlyTests.test_plan_reports_rev10_without_claiming_d9_or_time) ... ok
test_execution_never_defaults_to_historical_model (studio2.fase03.harness.test_harness_offline.R4AndInputContractTests.test_execution_never_defaults_to_historical_model) ... ok
test_missing_normal_or_extra_missing_dependency_is_rejected (studio2.fase03.harness.test_harness_offline.R4AndInputContractTests.test_missing_normal_or_extra_missing_dependency_is_rejected) ... ok
test_presentation_order_does_not_mutate_canonical_label_space (studio2.fase03.harness.test_harness_offline.R4AndInputContractTests.test_presentation_order_does_not_mutate_canonical_label_space) ... ok
test_published_r4_pin_and_literal_normal_context (studio2.fase03.harness.test_harness_offline.R4AndInputContractTests.test_published_r4_pin_and_literal_normal_context) ... ok
test_real_inventory_connects_inputs_without_inventing_library (studio2.fase03.harness.test_harness_offline.R4AndInputContractTests.test_real_inventory_connects_inputs_without_inventing_library) ... ok
test_schema_byte_incompatibility_fails_closed (studio2.fase03.harness.test_harness_offline.R4AndInputContractTests.test_schema_byte_incompatibility_fails_closed) ... ok
test_baseline_metric_adapter_all_abstained_and_empty (studio2.fase03.harness.test_metric_raccordo.MetricTests.test_baseline_metric_adapter_all_abstained_and_empty) ... ok
test_baseline_metric_adapter_rejects_invalid_or_inconsistent_source (studio2.fase03.harness.test_metric_raccordo.MetricTests.test_baseline_metric_adapter_rejects_invalid_or_inconsistent_source) ... ok
test_baseline_metric_adapter_renames_without_numeric_changes (studio2.fase03.harness.test_metric_raccordo.MetricTests.test_baseline_metric_adapter_renames_without_numeric_changes) ... ok
test_cluster_bootstrap_and_tests (studio2.fase03.harness.test_metric_raccordo.MetricTests.test_cluster_bootstrap_and_tests) ... ok
test_divergence_ignores_raw_only_difference (studio2.fase03.harness.test_metric_raccordo.MetricTests.test_divergence_ignores_raw_only_difference) ... ok
test_load_baseline_metrics_adapts_every_consumer_leaf (studio2.fase03.harness.test_metric_raccordo.MetricTests.test_load_baseline_metrics_adapts_every_consumer_leaf) ... ok
test_three_numbers_empty_and_all_valid_abstained_edges (studio2.fase03.harness.test_metric_raccordo.MetricTests.test_three_numbers_empty_and_all_valid_abstained_edges) ... ok
test_three_numbers_keep_invalid_in_nonabstained_denominator (studio2.fase03.harness.test_metric_raccordo.MetricTests.test_three_numbers_keep_invalid_in_nonabstained_denominator) ... ok
test_three_numbers_never_turns_invalid_into_abstention_or_correct (studio2.fase03.harness.test_metric_raccordo.MetricTests.test_three_numbers_never_turns_invalid_into_abstention_or_correct) ... ok
test_inventory_is_blocked_and_has_no_calls (studio2.fase03.tests.test_execution_guard.ExecutionGuardTests.test_inventory_is_blocked_and_has_no_calls) ... ok
test_plan_only_reports_zero_execution_status (studio2.fase03.tests.test_execution_guard.ExecutionGuardTests.test_plan_only_reports_zero_execution_status) ... ok
test_producer_probe_defaults_to_plan_only (studio2.fase03.tests.test_execution_guard.ExecutionGuardTests.test_producer_probe_defaults_to_plan_only) ... ok
test_vllm_schema_adapter_preserves_canonical_uniqueness_contract (studio2.fase03.tests.test_execution_guard.ExecutionGuardTests.test_vllm_schema_adapter_preserves_canonical_uniqueness_contract) ... ok
test_abstention_contract (studio2.fase03.tests.test_protocol.DiagnosticAndBudgetTests.test_abstention_contract) ... ok
test_batch_encoding_counts_input_ids_not_mapping_keys (studio2.fase03.tests.test_protocol.DiagnosticAndBudgetTests.test_batch_encoding_counts_input_ids_not_mapping_keys) ... ok
test_context_gate_requires_margin_and_does_not_freeze (studio2.fase03.tests.test_protocol.DiagnosticAndBudgetTests.test_context_gate_requires_margin_and_does_not_freeze) ... ok
test_d11_is_not_determinism_decision_11 (studio2.fase03.tests.test_protocol.DiagnosticAndBudgetTests.test_d11_is_not_determinism_decision_11) ... ok
test_diagnostic_contract_rejects_duplicate_insight_ids_locally (studio2.fase03.tests.test_protocol.DiagnosticAndBudgetTests.test_diagnostic_contract_rejects_duplicate_insight_ids_locally) ... ok
test_e_changes_only_pseudolabel (studio2.fase03.tests.test_protocol.InsightTests.test_e_changes_only_pseudolabel) ... ok
test_producer_cannot_change_fixed_variable_ids (studio2.fase03.tests.test_protocol.InsightTests.test_producer_cannot_change_fixed_variable_ids) ... ok
test_producer_narrative_token_cap (studio2.fase03.tests.test_protocol.InsightTests.test_producer_narrative_token_cap) ... ok
test_final_test_split_is_rejected (studio2.fase03.tests.test_protocol.ManifestTests.test_final_test_split_is_rejected) ... ok
test_manifest_and_exact_sample_shape (studio2.fase03.tests.test_protocol.ManifestTests.test_manifest_and_exact_sample_shape) ... ok
test_synthetic_manifest_is_rejected_by_executable_path (studio2.fase03.tests.test_protocol.ManifestTests.test_synthetic_manifest_is_rejected_by_executable_path) ... ok
test_transfer_cases_cover_catalog_once (studio2.fase03.tests.test_protocol.ManifestTests.test_transfer_cases_cover_catalog_once) ... ok

----------------------------------------------------------------------
Ran 45 tests in 0.207s

OK
