test_deterministic_build_and_no_f_numbers (baseline_numerica.test_baseline.BaselineTests.test_deterministic_build_and_no_f_numbers) ... ok
test_end_to_end_three_numbers_and_local_absent_classes (baseline_numerica.test_baseline.BaselineTests.test_end_to_end_three_numbers_and_local_absent_classes) ... ok
test_manifest_tampering_fails_closed (baseline_numerica.test_baseline.BaselineTests.test_manifest_tampering_fails_closed) ... ok
test_tie_abstains (baseline_numerica.test_baseline.BaselineTests.test_tie_abstains) ... ok
test_expected_extractor_hash_is_fixed (baseline_numerica.test_extract_normal_evidence.ExtractNormalEvidenceTests.test_expected_extractor_hash_is_fixed) ... ok
test_extractor_guard_rejects_changed_bytes (baseline_numerica.test_extract_normal_evidence.ExtractNormalEvidenceTests.test_extractor_guard_rejects_changed_bytes) ... ok
test_assignment_streams_and_windows (baseline_numerica.test_normal_dev_plan.NormalDevPlanTests.test_assignment_streams_and_windows) ... ok
test_changed_plan_is_rejected (baseline_numerica.test_normal_dev_plan.NormalDevPlanTests.test_changed_plan_is_rejected) ... ok
test_derived_index_is_not_a_stream_allocation (baseline_numerica.test_normal_dev_plan.NormalDevPlanTests.test_derived_index_is_not_a_stream_allocation) ... ok
test_frozen_csv_and_collision_check (baseline_numerica.test_normal_dev_plan.NormalDevPlanTests.test_frozen_csv_and_collision_check) ... ok
test_hash_guard_rejects_altered_source (evidence.test_evidence.EvidenceTests.test_hash_guard_rejects_altered_source) ... ok
test_leakage_detects_fault_id_mechanism_and_origin (evidence.test_evidence.EvidenceTests.test_leakage_detects_fault_id_mechanism_and_origin) ... ok
test_r2_guard_rejects_noncanonical_file (evidence.test_evidence.EvidenceTests.test_r2_guard_rejects_noncanonical_file) ... ok
test_synthetic_end_to_end_dimension_and_determinism (evidence.test_evidence.EvidenceTests.test_synthetic_end_to_end_dimension_and_determinism) ... ok
test_C01_all_started_alternate_states_block_probe_until_pass (harness.test_c01_c03.AlternatePrecedence.test_C01_all_started_alternate_states_block_probe_until_pass) ... ok
test_C01_alternate_started_after_probe_binding_blocks_reservation (harness.test_c01_c03.AlternatePrecedence.test_C01_alternate_started_after_probe_binding_blocks_reservation) ... ok
test_C01_real_process_race_alternate_binding_and_probe_reservation (harness.test_c01_c03.AlternatePrecedence.test_C01_real_process_race_alternate_binding_and_probe_reservation) ... ok
test_C01_failed_alternate_blocks_cli_probe_without_consumer_sends (harness.test_c01_c03.RunnerCorrections.test_C01_failed_alternate_blocks_cli_probe_without_consumer_sends) ... ERROR
test_C02_N48_single_timeout_is_119_of_120_and_replays_without_sends (harness.test_c01_c03.RunnerCorrections.test_C02_N48_single_timeout_is_119_of_120_and_replays_without_sends) ... ERROR
test_C02_cli_all_timeouts_are_120_invalid_first_attempts (harness.test_c01_c03.RunnerCorrections.test_C02_cli_all_timeouts_are_120_invalid_first_attempts) ... ok
test_C02_crash_INTENT_blocks_until_proof_then_enters_T3_without_retry (harness.test_c01_c03.RunnerCorrections.test_C02_crash_INTENT_blocks_until_proof_then_enters_T3_without_retry) ... ERROR
test_C02_failure_event_and_status_are_atomic_and_resume_after_journal_crash (harness.test_c01_c03.RunnerCorrections.test_C02_failure_event_and_status_are_atomic_and_resume_after_journal_crash) ... 