.EEEEEEEEE
======================================================================
ERROR: test_REV10_rebinding_guard_rejects_other_changes (studio2.fase03.harness.test_config_revision.ConfigRevisionTests)
----------------------------------------------------------------------
Traceback (most recent call last):
  File "/sessions/rcw-014jsqqhf5avnsjmnect17hx/base3952/studio2/fase03/harness/test_config_revision.py", line 249, in test_REV10_rebinding_guard_rejects_other_changes
    self.revise()
  File "/sessions/rcw-014jsqqhf5avnsjmnect17hx/base3952/studio2/fase03/harness/test_config_revision.py", line 66, in revise
    return rev.revise(**values)
  File "/sessions/rcw-014jsqqhf5avnsjmnect17hx/base3952/studio2/fase03/revise_pilot_config.py", line 187, in revise
    p = plan(config_path=config_path, ledger_path=ledger_path, pilot_id=pilot_id, author=author,
  File "/sessions/rcw-014jsqqhf5avnsjmnect17hx/base3952/studio2/fase03/revise_pilot_config.py", line 87, in plan
    from studio2.fase03.harness.ledger import (IDENTITY_SUSPENSION_REASON, PilotLedger,
ImportError: cannot import name 'IDENTITY_SUSPENSION_REASON' from 'studio2.fase03.harness.ledger' (/sessions/rcw-014jsqqhf5avnsjmnect17hx/base3952/studio2/fase03/harness/ledger.py)

======================================================================
ERROR: test_REV1_plan_only_writes_nothing (studio2.fase03.harness.test_config_revision.ConfigRevisionTests)
----------------------------------------------------------------------
Traceback (most recent call last):
  File "/sessions/rcw-014jsqqhf5avnsjmnect17hx/base3952/studio2/fase03/harness/test_config_revision.py", line 90, in test_REV1_plan_only_writes_nothing
    result = self.revise(execute=False)
  File "/sessions/rcw-014jsqqhf5avnsjmnect17hx/base3952/studio2/fase03/harness/test_config_revision.py", line 66, in revise
    return rev.revise(**values)
  File "/sessions/rcw-014jsqqhf5avnsjmnect17hx/base3952/studio2/fase03/revise_pilot_config.py", line 187, in revise
    p = plan(config_path=config_path, ledger_path=ledger_path, pilot_id=pilot_id, author=author,
  File "/sessions/rcw-014jsqqhf5avnsjmnect17hx/base3952/studio2/fase03/revise_pilot_config.py", line 87, in plan
    from studio2.fase03.harness.ledger import (IDENTITY_SUSPENSION_REASON, PilotLedger,
ImportError: cannot import name 'IDENTITY_SUSPENSION_REASON' from 'studio2.fase03.harness.ledger' (/sessions/rcw-014jsqqhf5avnsjmnect17hx/base3952/studio2/fase03/harness/ledger.py)

======================================================================
ERROR: test_REV2_revision_then_resume_passes_alternate_budget_and_gate (studio2.fase03.harness.test_config_revision.ConfigRevisionTests)
----------------------------------------------------------------------
Traceback (most recent call last):
  File "/sessions/rcw-014jsqqhf5avnsjmnect17hx/base3952/studio2/fase03/harness/test_config_revision.py", line 97, in test_REV2_revision_then_resume_passes_alternate_budget_and_gate
    result = self.revise()
  File "/sessions/rcw-014jsqqhf5avnsjmnect17hx/base3952/studio2/fase03/harness/test_config_revision.py", line 66, in revise
    return rev.revise(**values)
  File "/sessions/rcw-014jsqqhf5avnsjmnect17hx/base3952/studio2/fase03/revise_pilot_config.py", line 187, in revise
    p = plan(config_path=config_path, ledger_path=ledger_path, pilot_id=pilot_id, author=author,
  File "/sessions/rcw-014jsqqhf5avnsjmnect17hx/base3952/studio2/fase03/revise_pilot_config.py", line 87, in plan
    from studio2.fase03.harness.ledger import (IDENTITY_SUSPENSION_REASON, PilotLedger,
ImportError: cannot import name 'IDENTITY_SUSPENSION_REASON' from 'studio2.fase03.harness.ledger' (/sessions/rcw-014jsqqhf5avnsjmnect17hx/base3952/studio2/fase03/harness/ledger.py)

======================================================================
ERROR: test_REV3_revision_outside_allowed_keys_is_refused (studio2.fase03.harness.test_config_revision.ConfigRevisionTests) (name='generation')
----------------------------------------------------------------------
Traceback (most recent call last):
  File "/sessions/rcw-014jsqqhf5avnsjmnect17hx/base3952/studio2/fase03/harness/test_config_revision.py", line 147, in test_REV3_revision_outside_allowed_keys_is_refused
    self.t.ledger.record_config_revision(previous_config_path=previous,
AttributeError: 'PilotLedger' object has no attribute 'record_config_revision'

======================================================================
ERROR: test_REV3_revision_outside_allowed_keys_is_refused (studio2.fase03.harness.test_config_revision.ConfigRevisionTests) (name='122B')
----------------------------------------------------------------------
Traceback (most recent call last):
  File "/sessions/rcw-014jsqqhf5avnsjmnect17hx/base3952/studio2/fase03/harness/test_config_revision.py", line 147, in test_REV3_revision_outside_allowed_keys_is_refused
    self.t.ledger.record_config_revision(previous_config_path=previous,
AttributeError: 'PilotLedger' object has no attribute 'record_config_revision'

======================================================================
ERROR: test_REV3_revision_outside_allowed_keys_is_refused (studio2.fase03.harness.test_config_revision.ConfigRevisionTests) (name='27B_model')
----------------------------------------------------------------------
Traceback (most recent call last):
  File "/sessions/rcw-014jsqqhf5avnsjmnect17hx/base3952/studio2/fase03/harness/test_config_revision.py", line 147, in test_REV3_revision_outside_allowed_keys_is_refused
    self.t.ledger.record_config_revision(previous_config_path=previous,
AttributeError: 'PilotLedger' object has no attribute 'record_config_revision'

======================================================================
ERROR: test_REV3_revision_outside_allowed_keys_is_refused (studio2.fase03.harness.test_config_revision.ConfigRevisionTests) (name='presentation')
----------------------------------------------------------------------
Traceback (most recent call last):
  File "/sessions/rcw-014jsqqhf5avnsjmnect17hx/base3952/studio2/fase03/harness/test_config_revision.py", line 147, in test_REV3_revision_outside_allowed_keys_is_refused
    self.t.ledger.record_config_revision(previous_config_path=previous,
AttributeError: 'PilotLedger' object has no attribute 'record_config_revision'

======================================================================
ERROR: test_REV4_bindings_accept_registered_revision_only (studio2.fase03.harness.test_config_revision.ConfigRevisionTests)
----------------------------------------------------------------------
Traceback (most recent call last):
  File "/sessions/rcw-014jsqqhf5avnsjmnect17hx/base3952/studio2/fase03/harness/test_config_revision.py", line 152, in test_REV4_bindings_accept_registered_revision_only
    self.revise()
  File "/sessions/rcw-014jsqqhf5avnsjmnect17hx/base3952/studio2/fase03/harness/test_config_revision.py", line 66, in revise
    return rev.revise(**values)
  File "/sessions/rcw-014jsqqhf5avnsjmnect17hx/base3952/studio2/fase03/revise_pilot_config.py", line 187, in revise
    p = plan(config_path=config_path, ledger_path=ledger_path, pilot_id=pilot_id, author=author,
  File "/sessions/rcw-014jsqqhf5avnsjmnect17hx/base3952/studio2/fase03/revise_pilot_config.py", line 87, in plan
    from studio2.fase03.harness.ledger import (IDENTITY_SUSPENSION_REASON, PilotLedger,
ImportError: cannot import name 'IDENTITY_SUSPENSION_REASON' from 'studio2.fase03.harness.ledger' (/sessions/rcw-014jsqqhf5avnsjmnect17hx/base3952/studio2/fase03/harness/ledger.py)

======================================================================
ERROR: test_REV5_suspension_reconciliation_guards (studio2.fase03.harness.test_config_revision.ConfigRevisionTests)
----------------------------------------------------------------------
Traceback (most recent call last):
  File "/sessions/rcw-014jsqqhf5avnsjmnect17hx/base3952/studio2/fase03/harness/test_config_revision.py", line 166, in test_REV5_suspension_reconciliation_guards
    self.revise(fingerprint="another-fingerprint")
  File "/sessions/rcw-014jsqqhf5avnsjmnect17hx/base3952/studio2/fase03/harness/test_config_revision.py", line 66, in revise
    return rev.revise(**values)
  File "/sessions/rcw-014jsqqhf5avnsjmnect17hx/base3952/studio2/fase03/revise_pilot_config.py", line 187, in revise
    p = plan(config_path=config_path, ledger_path=ledger_path, pilot_id=pilot_id, author=author,
  File "/sessions/rcw-014jsqqhf5avnsjmnect17hx/base3952/studio2/fase03/revise_pilot_config.py", line 87, in plan
    from studio2.fase03.harness.ledger import (IDENTITY_SUSPENSION_REASON, PilotLedger,
ImportError: cannot import name 'IDENTITY_SUSPENSION_REASON' from 'studio2.fase03.harness.ledger' (/sessions/rcw-014jsqqhf5avnsjmnect17hx/base3952/studio2/fase03/harness/ledger.py)

======================================================================
ERROR: test_REV6_resend_requires_explicit_single_requalification (studio2.fase03.harness.test_config_revision.ConfigRevisionTests)
----------------------------------------------------------------------
Traceback (most recent call last):
  File "/sessions/rcw-014jsqqhf5avnsjmnect17hx/base3952/studio2/fase03/harness/test_config_revision.py", line 187, in test_REV6_resend_requires_explicit_single_requalification
    self.revise()
  File "/sessions/rcw-014jsqqhf5avnsjmnect17hx/base3952/studio2/fase03/harness/test_config_revision.py", line 66, in revise
    return rev.revise(**values)
  File "/sessions/rcw-014jsqqhf5avnsjmnect17hx/base3952/studio2/fase03/revise_pilot_config.py", line 187, in revise
    p = plan(config_path=config_path, ledger_path=ledger_path, pilot_id=pilot_id, author=author,
  File "/sessions/rcw-014jsqqhf5avnsjmnect17hx/base3952/studio2/fase03/revise_pilot_config.py", line 87, in plan
    from studio2.fase03.harness.ledger import (IDENTITY_SUSPENSION_REASON, PilotLedger,
ImportError: cannot import name 'IDENTITY_SUSPENSION_REASON' from 'studio2.fase03.harness.ledger' (/sessions/rcw-014jsqqhf5avnsjmnect17hx/base3952/studio2/fase03/harness/ledger.py)

======================================================================
ERROR: test_REV7_idempotent_revision (studio2.fase03.harness.test_config_revision.ConfigRevisionTests)
----------------------------------------------------------------------
Traceback (most recent call last):
  File "/sessions/rcw-014jsqqhf5avnsjmnect17hx/base3952/studio2/fase03/harness/test_config_revision.py", line 210, in test_REV7_idempotent_revision
    self.revise()
  File "/sessions/rcw-014jsqqhf5avnsjmnect17hx/base3952/studio2/fase03/harness/test_config_revision.py", line 66, in revise
    return rev.revise(**values)
  File "/sessions/rcw-014jsqqhf5avnsjmnect17hx/base3952/studio2/fase03/revise_pilot_config.py", line 187, in revise
    p = plan(config_path=config_path, ledger_path=ledger_path, pilot_id=pilot_id, author=author,
  File "/sessions/rcw-014jsqqhf5avnsjmnect17hx/base3952/studio2/fase03/revise_pilot_config.py", line 87, in plan
    from studio2.fase03.harness.ledger import (IDENTITY_SUSPENSION_REASON, PilotLedger,
ImportError: cannot import name 'IDENTITY_SUSPENSION_REASON' from 'studio2.fase03.harness.ledger' (/sessions/rcw-014jsqqhf5avnsjmnect17hx/base3952/studio2/fase03/harness/ledger.py)

======================================================================
ERROR: test_REV8_corrupted_revision_or_reconciliation_blocks (studio2.fase03.harness.test_config_revision.ConfigRevisionTests)
----------------------------------------------------------------------
Traceback (most recent call last):
  File "/sessions/rcw-014jsqqhf5avnsjmnect17hx/base3952/studio2/fase03/harness/test_config_revision.py", line 220, in test_REV8_corrupted_revision_or_reconciliation_blocks
    self.revise()
  File "/sessions/rcw-014jsqqhf5avnsjmnect17hx/base3952/studio2/fase03/harness/test_config_revision.py", line 66, in revise
    return rev.revise(**values)
  File "/sessions/rcw-014jsqqhf5avnsjmnect17hx/base3952/studio2/fase03/revise_pilot_config.py", line 187, in revise
    p = plan(config_path=config_path, ledger_path=ledger_path, pilot_id=pilot_id, author=author,
  File "/sessions/rcw-014jsqqhf5avnsjmnect17hx/base3952/studio2/fase03/revise_pilot_config.py", line 87, in plan
    from studio2.fase03.harness.ledger import (IDENTITY_SUSPENSION_REASON, PilotLedger,
ImportError: cannot import name 'IDENTITY_SUSPENSION_REASON' from 'studio2.fase03.harness.ledger' (/sessions/rcw-014jsqqhf5avnsjmnect17hx/base3952/studio2/fase03/harness/ledger.py)

======================================================================
ERROR: test_REV9_rebinding_limited_to_approved_provider_change (studio2.fase03.harness.test_config_revision.ConfigRevisionTests)
----------------------------------------------------------------------
Traceback (most recent call last):
  File "/sessions/rcw-014jsqqhf5avnsjmnect17hx/base3952/studio2/fase03/harness/test_config_revision.py", line 238, in test_REV9_rebinding_limited_to_approved_provider_change
    self.revise()
  File "/sessions/rcw-014jsqqhf5avnsjmnect17hx/base3952/studio2/fase03/harness/test_config_revision.py", line 66, in revise
    return rev.revise(**values)
  File "/sessions/rcw-014jsqqhf5avnsjmnect17hx/base3952/studio2/fase03/revise_pilot_config.py", line 187, in revise
    p = plan(config_path=config_path, ledger_path=ledger_path, pilot_id=pilot_id, author=author,
  File "/sessions/rcw-014jsqqhf5avnsjmnect17hx/base3952/studio2/fase03/revise_pilot_config.py", line 87, in plan
    from studio2.fase03.harness.ledger import (IDENTITY_SUSPENSION_REASON, PilotLedger,
ImportError: cannot import name 'IDENTITY_SUSPENSION_REASON' from 'studio2.fase03.harness.ledger' (/sessions/rcw-014jsqqhf5avnsjmnect17hx/base3952/studio2/fase03/harness/ledger.py)

----------------------------------------------------------------------
Ran 11 tests in 2.821s

FAILED (errors=13)
