test_U01_positive_metadata_and_resume (__main__.Independent.test_U01_positive_metadata_and_resume) ... ok
test_U02_exact_pending_metadata_refuses (__main__.Independent.test_U02_exact_pending_metadata_refuses) ... ok
test_U03_whitespace_pending_metadata_must_refuse (__main__.Independent.test_U03_whitespace_pending_metadata_must_refuse) ... FAIL
test_U04_positive_direct_reserve (__main__.Independent.test_U04_positive_direct_reserve) ... ok
test_U05_missing_r4_snapshot_direct_reserve_must_refuse (__main__.Independent.test_U05_missing_r4_snapshot_direct_reserve_must_refuse) ... FAIL
test_U06_missing_r4_snapshot_restart_reserve_must_refuse (__main__.Independent.test_U06_missing_r4_snapshot_restart_reserve_must_refuse) ... FAIL
test_U07_missing_snapshot_ordinary_runner_refuses (__main__.Independent.test_U07_missing_snapshot_ordinary_runner_refuses) ... ok
test_U08_document_change_other_stage_reservation_refuses (__main__.Independent.test_U08_document_change_other_stage_reservation_refuses) ... ok
test_R01_CLI_with_transport_stub_rejects_historical_preflight (studio2.fase03.harness.test_revisions.RunnerRevisions.test_R01_CLI_with_transport_stub_rejects_historical_preflight) ... ok
test_R01_changed_ledger_directory_cannot_reset_pilot (studio2.fase03.harness.test_revisions.RunnerRevisions.test_R01_changed_ledger_directory_cannot_reset_pilot) ... ok
test_R01_undecided_and_suspended_all_entries_zero_sends (studio2.fase03.harness.test_revisions.RunnerRevisions.test_R01_undecided_and_suspended_all_entries_zero_sends) ... ok
test_R02_dependency_failure_is_pretransport_and_not_prompt_diagnosis (studio2.fase03.harness.test_revisions.RunnerRevisions.test_R02_dependency_failure_is_pretransport_and_not_prompt_diagnosis) ... ok
test_R02_frozen_037_and_evidence_json_tamper (studio2.fase03.harness.test_revisions.RunnerRevisions.test_R02_frozen_037_and_evidence_json_tamper) ... ok
test_R02_handoff_cannot_self_certify_or_change_library (studio2.fase03.harness.test_revisions.RunnerRevisions.test_R02_handoff_cannot_self_certify_or_change_library) ... ok
test_R02_inventory_tamper_r4_and_tokenizer_zero_sends (studio2.fase03.harness.test_revisions.RunnerRevisions.test_R02_inventory_tamper_r4_and_tokenizer_zero_sends) ... ok
test_R02_source_manifest_and_prompt_rehash_cannot_bypass (studio2.fase03.harness.test_revisions.RunnerRevisions.test_R02_source_manifest_and_prompt_rehash_cannot_bypass) ... ok
test_R03_real_pipeline_labels_preserved_and_pending_rejected (studio2.fase03.harness.test_revisions.RunnerRevisions.test_R03_real_pipeline_labels_preserved_and_pending_rejected) ... ok
test_R06_real_runner_remediation_approved_bytes_and_old_handoff (studio2.fase03.harness.test_revisions.RunnerRevisions.test_R06_real_runner_remediation_approved_bytes_and_old_handoff) ... ok
test_R07_cli_successful_producer_and_budget_use_shared_ledger (studio2.fase03.harness.test_revisions.RunnerRevisions.test_R07_cli_successful_producer_and_budget_use_shared_ledger) ... ok
test_R07_consumer_budget_crash_and_resume_preserve_raw (studio2.fase03.harness.test_revisions.RunnerRevisions.test_R07_consumer_budget_crash_and_resume_preserve_raw) ... ok
test_R07_gate_crash_retains_raw_and_blocks_uncertain_resume (studio2.fase03.harness.test_revisions.RunnerRevisions.test_R07_gate_crash_retains_raw_and_blocks_uncertain_resume) ... ok
test_R07_probe_explicit_zero_token_triplet_retry (studio2.fase03.harness.test_revisions.RunnerRevisions.test_R07_probe_explicit_zero_token_triplet_retry) ... ok
test_R07_producer_and_consumer_real_process_crashes (studio2.fase03.harness.test_revisions.RunnerRevisions.test_R07_producer_and_consumer_real_process_crashes) ... ok
test_R07_producer_timeout_resume_no_resend_and_explicit_reconciliation (studio2.fase03.harness.test_revisions.RunnerRevisions.test_R07_producer_timeout_resume_no_resend_and_explicit_reconciliation) ... ok
test_R07_resume_saved_raw_and_closed_artifact_without_new_sends (studio2.fase03.harness.test_revisions.RunnerRevisions.test_R07_resume_saved_raw_and_closed_artifact_without_new_sends) ... ok
test_R08_frozen_budget_tamper_first_gate_zero_additional_calls (studio2.fase03.harness.test_revisions.RunnerRevisions.test_R08_frozen_budget_tamper_first_gate_zero_additional_calls) ... 