test_D02_durable_predecessor_reads_hold_the_confirmation_lock (studio2.fase03.harness.test_d02_predecessors.DurablePredecessors.test_D02_durable_predecessor_reads_hold_the_confirmation_lock) ... ok
test_D02_missing_coverage_raw_or_evaluation_rejects_predecessors (studio2.fase03.harness.test_d02_predecessors.DurablePredecessors.test_D02_missing_coverage_raw_or_evaluation_rejects_predecessors) ... ok
test_D02_probe_cannot_shrink_to_an_allowed_prefix_after_closure (studio2.fase03.harness.test_d02_predecessors.DurablePredecessors.test_D02_probe_cannot_shrink_to_an_allowed_prefix_after_closure) ... ok
test_D02_raw_and_record_hash_faults_reject_all_confirmation_entries (studio2.fase03.harness.test_d02_predecessors.DurablePredecessors.test_D02_raw_and_record_hash_faults_reject_all_confirmation_entries) ... ok
test_D02_record_digest_binding_and_frozen_evidence_are_reauthenticated (studio2.fase03.harness.test_d02_predecessors.DurablePredecessors.test_D02_record_digest_binding_and_frozen_evidence_are_reauthenticated) ... ok
test_D02_remediation_and_new_probe_validate_durable_active_producer (studio2.fase03.harness.test_d02_predecessors.DurablePredecessors.test_D02_remediation_and_new_probe_validate_durable_active_producer) ... ok
test_D02_retry_replay_preserves_nine_attempts_and_rejects_missing_ancestor (studio2.fase03.harness.test_d02_predecessors.DurablePredecessors.test_D02_retry_replay_preserves_nine_attempts_and_rejects_missing_ancestor) ... ok
test_D02_runner_and_CLI_resume_refuse_before_server_calls_or_output_writes (studio2.fase03.harness.test_d02_predecessors.DurablePredecessors.test_D02_runner_and_CLI_resume_refuse_before_server_calls_or_output_writes) ... ok
test_R01_CLI_with_transport_stub_rejects_historical_preflight (studio2.fase03.harness.test_revisions.RunnerRevisions.test_R01_CLI_with_transport_stub_rejects_historical_preflight) ... ok
test_R01_changed_ledger_directory_cannot_reset_pilot (studio2.fase03.harness.test_revisions.RunnerRevisions.test_R01_changed_ledger_directory_cannot_reset_pilot) ... ok
test_R01_undecided_and_suspended_all_entries_zero_sends (studio2.fase03.harness.test_revisions.RunnerRevisions.test_R01_undecided_and_suspended_all_entries_zero_sends) ... ok
test_R02_dependency_failure_is_pretransport_and_not_prompt_diagnosis (studio2.fase03.harness.test_revisions.RunnerRevisions.test_R02_dependency_failure_is_pretransport_and_not_prompt_diagnosis) ... ok
test_R02_frozen_037_and_evidence_json_tamper (studio2.fase03.harness.test_revisions.RunnerRevisions.test_R02_frozen_037_and_evidence_json_tamper) ... ok
test_R02_handoff_cannot_self_certify_or_change_library (studio2.fase03.harness.test_revisions.RunnerRevisions.test_R02_handoff_cannot_self_certify_or_change_library) ... ok
test_R02_inventory_tamper_r4_and_tokenizer_zero_sends (studio2.fase03.harness.test_revisions.RunnerRevisions.test_R02_inventory_tamper_r4_and_tokenizer_zero_sends) ... ok
test_R02_source_manifest_and_prompt_rehash_cannot_bypass (studio2.fase03.harness.test_revisions.RunnerRevisions.test_R02_source_manifest_and_prompt_rehash_cannot_bypass) ... ok
test_R03_real_pipeline_labels_preserved_and_pending_rejected (studio2.fase03.harness.test_revisions.RunnerRevisions.test_R03_real_pipeline_labels_preserved_and_pending_rejected) ... ok
test_R06_real_runner_remediation_approved_bytes_and_old_handoff (studio2.fase03.harness.test_revisions.RunnerRevisions.test_R06_real_runner_remediation_approved_bytes_and_old_handoff) ... ok
test_R07_cli_successful_producer_and_budget_use_shared_ledger (studio2.fase03.harness.test_revisions.RunnerRevisions.test_R07_cli_successful_producer_and_budget_use_shared_ledger) ... ok
test_R07_consumer_budget_crash_and_resume_preserve_raw (studio2.fase03.harness.test_revisions.RunnerRevisions.test_R07_consumer_budget_crash_and_resume_preserve_raw) ... ok
test_R07_gate_crash_retains_raw_and_blocks_uncertain_resume (studio2.fase03.harness.test_revisions.RunnerRevisions.test_R07_gate_crash_retains_raw_and_blocks_uncertain_resume) ... ok
test_R07_probe_explicit_zero_token_triplet_retry (studio2.fase03.harness.test_revisions.RunnerRevisions.test_R07_probe_explicit_zero_token_triplet_retry) ... ok
test_R07_producer_and_consumer_real_process_crashes (studio2.fase03.harness.test_revisions.RunnerRevisions.test_R07_producer_and_consumer_real_process_crashes) ... ok
test_R07_producer_timeout_resume_no_resend_and_explicit_reconciliation (studio2.fase03.harness.test_revisions.RunnerRevisions.test_R07_producer_timeout_resume_no_resend_and_explicit_reconciliation) ... ok
test_R07_resume_saved_raw_and_closed_artifact_without_new_sends (studio2.fase03.harness.test_revisions.RunnerRevisions.test_R07_resume_saved_raw_and_closed_artifact_without_new_sends) ... ok
test_R08_frozen_budget_tamper_first_gate_zero_additional_calls (studio2.fase03.harness.test_revisions.RunnerRevisions.test_R08_frozen_budget_tamper_first_gate_zero_additional_calls) ... ok
test_R09_consumer_identity_change_during_gate_suspends (studio2.fase03.harness.test_revisions.RunnerRevisions.test_R09_consumer_identity_change_during_gate_suspends) ... ok
test_R09_producer_identity_mismatch_preserves_raw_and_suspends (studio2.fase03.harness.test_revisions.RunnerRevisions.test_R09_producer_identity_mismatch_preserves_raw_and_suspends) ... ok
test_ordinary_complete_producer_prepare_probe_gate_offline (studio2.fase03.harness.test_revisions.RunnerRevisions.test_ordinary_complete_producer_prepare_probe_gate_offline) ... ok

----------------------------------------------------------------------
Ran 29 tests in 78.542s

OK
