test_direct_reservation_without_rebind_refuses_after_history (__main__.ExternalHistoryReconciliation.test_direct_reservation_without_rebind_refuses_after_history) ... ok
test_failure_after_intermediate_insert_rolls_back_and_resume_succeeds (__main__.ExternalHistoryReconciliation.test_failure_after_intermediate_insert_rolls_back_and_resume_succeeds) ... ok
test_incomplete_duplicate_swapped_and_false_zero_refuse_atomically (__main__.ExternalHistoryReconciliation.test_incomplete_duplicate_swapped_and_false_zero_refuse_atomically) ... ok
test_positive_is_separate_charged_once_reopen_and_idempotent (__main__.ExternalHistoryReconciliation.test_positive_is_separate_charged_once_reopen_and_idempotent) ... ok
test_reconfirmed_before_direct_reservation_and_no_side_effect (__main__.ExternalHistoryReconciliation.test_reconfirmed_before_direct_reservation_and_no_side_effect) ... <frozen importlib._bootstrap_external>:785: ResourceWarning: unclosed database in <sqlite3.Connection object at 0x101b5fd30>
ResourceWarning: Enable tracemalloc to get the object allocation traceback
<frozen importlib._bootstrap_external>:785: ResourceWarning: unclosed database in <sqlite3.Connection object at 0x101b5fa60>
ResourceWarning: Enable tracemalloc to get the object allocation traceback
<frozen importlib._bootstrap_external>:785: ResourceWarning: unclosed database in <sqlite3.Connection object at 0x101b5fe20>
ResourceWarning: Enable tracemalloc to get the object allocation traceback
<frozen importlib._bootstrap_external>:785: ResourceWarning: unclosed database in <sqlite3.Connection object at 0x101b5ff10>
ResourceWarning: Enable tracemalloc to get the object allocation traceback
<frozen importlib._bootstrap_external>:785: ResourceWarning: unclosed database in <sqlite3.Connection object at 0x101d90040>
ResourceWarning: Enable tracemalloc to get the object allocation traceback
<frozen importlib._bootstrap_external>:785: ResourceWarning: unclosed database in <sqlite3.Connection object at 0x101d90130>
ResourceWarning: Enable tracemalloc to get the object allocation traceback
<frozen importlib._bootstrap_external>:785: ResourceWarning: unclosed database in <sqlite3.Connection object at 0x101d90220>
ResourceWarning: Enable tracemalloc to get the object allocation traceback
<frozen importlib._bootstrap_external>:785: ResourceWarning: unclosed database in <sqlite3.Connection object at 0x101d909a0>
ResourceWarning: Enable tracemalloc to get the object allocation traceback
ok
test_repository_source_bytes_fit_contract_on_fixture_ledger (__main__.ExternalHistoryReconciliation.test_repository_source_bytes_fit_contract_on_fixture_ledger) ... ok
test_source_change_even_with_rewritten_reference_refuses (__main__.ExternalHistoryReconciliation.test_source_change_even_with_rewritten_reference_refuses) ... ok
test_two_processes_compete_for_first_native_slot_once (__main__.ExternalHistoryReconciliation.test_two_processes_compete_for_first_native_slot_once) ... ok
test_two_processes_reconcile_one_event_and_four_rows (__main__.ExternalHistoryReconciliation.test_two_processes_reconcile_one_event_and_four_rows) ... ok
test_wrong_ledger_types_missing_review_or_approval_refuse (__main__.ExternalHistoryReconciliation.test_wrong_ledger_types_missing_review_or_approval_refuse) ... ok

----------------------------------------------------------------------
Ran 10 tests in 0.964s

OK
